#! 
:ivl_version "13.0 (devel)" "(s20251012-92-gfe295c89f-dirty)";
:ivl_delay_selection "TYPICAL";
:vpi_time_precision + 0;
:vpi_module "D:\OSS-CA~1\lib\ivl\system.vpi";
:vpi_module "D:\OSS-CA~1\lib\ivl\vhdl_sys.vpi";
:vpi_module "D:\OSS-CA~1\lib\ivl\vhdl_textio.vpi";
:vpi_module "D:\OSS-CA~1\lib\ivl\v2005_math.vpi";
:vpi_module "D:\OSS-CA~1\lib\ivl\va_math.vpi";
S_00000122e492c150 .scope module, "BCD_4display" "BCD_4display" 2 1;
 .timescale 0 0;
    .port_info 0 /INPUT 10 "bcd_in";
    .port_info 1 /OUTPUT 7 "D_un";
    .port_info 2 /OUTPUT 7 "D_de";
    .port_info 3 /OUTPUT 7 "D_ce";
    .port_info 4 /OUTPUT 7 "D_mi";
P_00000122e48d68b0 .param/l "N_in" 0 2 1, +C4<00000000000000000000000000001010>;
P_00000122e48d68e8 .param/l "N_out" 0 2 1, +C4<00000000000000000000000000000111>;
v00000122e492ae70_0 .net "D_ce", 6 0, v00000122e4929250_0;  1 drivers
v00000122e49294d0_0 .net "D_de", 6 0, v00000122e492a330_0;  1 drivers
v00000122e492a790_0 .net "D_mi", 6 0, v00000122e492a6f0_0;  1 drivers
v00000122e4929430_0 .net "D_un", 6 0, v00000122e4929110_0;  1 drivers
v00000122e49292f0_0 .net *"_ivl_0", 31 0, L_00000122e497ff50;  1 drivers
v00000122e492aab0_0 .net *"_ivl_10", 31 0, L_00000122e497f910;  1 drivers
L_00000122e49c0118 .functor BUFT 1, C4<0000000000000000000000>, C4<0>, C4<0>, C4<0>;
v00000122e492a3d0_0 .net *"_ivl_13", 21 0, L_00000122e49c0118;  1 drivers
L_00000122e49c0160 .functor BUFT 1, C4<00000000000000000000000000001010>, C4<0>, C4<0>, C4<0>;
v00000122e4929c50_0 .net/2u *"_ivl_14", 31 0, L_00000122e49c0160;  1 drivers
v00000122e4929390_0 .net *"_ivl_16", 31 0, L_00000122e49810d0;  1 drivers
L_00000122e49c01a8 .functor BUFT 1, C4<00000000000000000000000000001010>, C4<0>, C4<0>, C4<0>;
v00000122e492a470_0 .net/2u *"_ivl_18", 31 0, L_00000122e49c01a8;  1 drivers
v00000122e492a830_0 .net *"_ivl_20", 31 0, L_00000122e4980310;  1 drivers
v00000122e49297f0_0 .net *"_ivl_24", 31 0, L_00000122e49812b0;  1 drivers
L_00000122e49c01f0 .functor BUFT 1, C4<0000000000000000000000>, C4<0>, C4<0>, C4<0>;
v00000122e4929570_0 .net *"_ivl_27", 21 0, L_00000122e49c01f0;  1 drivers
L_00000122e49c0238 .functor BUFT 1, C4<00000000000000000000000001100100>, C4<0>, C4<0>, C4<0>;
v00000122e4929610_0 .net/2u *"_ivl_28", 31 0, L_00000122e49c0238;  1 drivers
L_00000122e49c0088 .functor BUFT 1, C4<0000000000000000000000>, C4<0>, C4<0>, C4<0>;
v00000122e492a5b0_0 .net *"_ivl_3", 21 0, L_00000122e49c0088;  1 drivers
v00000122e49296b0_0 .net *"_ivl_30", 31 0, L_00000122e497fc30;  1 drivers
L_00000122e49c0280 .functor BUFT 1, C4<00000000000000000000000000001010>, C4<0>, C4<0>, C4<0>;
v00000122e4929cf0_0 .net/2u *"_ivl_32", 31 0, L_00000122e49c0280;  1 drivers
v00000122e4929070_0 .net *"_ivl_34", 31 0, L_00000122e49809f0;  1 drivers
v00000122e492a1f0_0 .net *"_ivl_38", 31 0, L_00000122e4981350;  1 drivers
L_00000122e49c00d0 .functor BUFT 1, C4<00000000000000000000000000001010>, C4<0>, C4<0>, C4<0>;
v00000122e4929890_0 .net/2u *"_ivl_4", 31 0, L_00000122e49c00d0;  1 drivers
L_00000122e49c02c8 .functor BUFT 1, C4<0000000000000000000000>, C4<0>, C4<0>, C4<0>;
v00000122e49299d0_0 .net *"_ivl_41", 21 0, L_00000122e49c02c8;  1 drivers
L_00000122e49c0310 .functor BUFT 1, C4<00000000000000000000001111101000>, C4<0>, C4<0>, C4<0>;
v00000122e492a8d0_0 .net/2u *"_ivl_42", 31 0, L_00000122e49c0310;  1 drivers
v00000122e4929b10_0 .net *"_ivl_44", 31 0, L_00000122e4980a90;  1 drivers
L_00000122e49c0358 .functor BUFT 1, C4<00000000000000000000000000001010>, C4<0>, C4<0>, C4<0>;
v00000122e4929e30_0 .net/2u *"_ivl_46", 31 0, L_00000122e49c0358;  1 drivers
v00000122e492a970_0 .net *"_ivl_48", 31 0, L_00000122e4980bd0;  1 drivers
v00000122e492a510_0 .net *"_ivl_6", 31 0, L_00000122e49801d0;  1 drivers
o00000122e492d268 .functor BUFZ 10, c4<zzzzzzzzzz>; HiZ drive
v00000122e492ac90_0 .net "bcd_in", 9 0, o00000122e492d268;  0 drivers
v00000122e492aa10_0 .net "centenas", 3 0, L_00000122e49808b0;  1 drivers
v00000122e492ab50_0 .net "decenas", 3 0, L_00000122e497f5f0;  1 drivers
v00000122e4929bb0_0 .net "milares", 3 0, L_00000122e497fb90;  1 drivers
v00000122e4929d90_0 .net "unidades", 3 0, L_00000122e4980d10;  1 drivers
L_00000122e497ff50 .concat [ 10 22 0 0], o00000122e492d268, L_00000122e49c0088;
L_00000122e49801d0 .arith/mod 32, L_00000122e497ff50, L_00000122e49c00d0;
L_00000122e4980d10 .part L_00000122e49801d0, 0, 4;
L_00000122e497f910 .concat [ 10 22 0 0], o00000122e492d268, L_00000122e49c0118;
L_00000122e49810d0 .arith/div 32, L_00000122e497f910, L_00000122e49c0160;
L_00000122e4980310 .arith/mod 32, L_00000122e49810d0, L_00000122e49c01a8;
L_00000122e497f5f0 .part L_00000122e4980310, 0, 4;
L_00000122e49812b0 .concat [ 10 22 0 0], o00000122e492d268, L_00000122e49c01f0;
L_00000122e497fc30 .arith/div 32, L_00000122e49812b0, L_00000122e49c0238;
L_00000122e49809f0 .arith/mod 32, L_00000122e497fc30, L_00000122e49c0280;
L_00000122e49808b0 .part L_00000122e49809f0, 0, 4;
L_00000122e4981350 .concat [ 10 22 0 0], o00000122e492d268, L_00000122e49c02c8;
L_00000122e4980a90 .arith/div 32, L_00000122e4981350, L_00000122e49c0310;
L_00000122e4980bd0 .arith/mod 32, L_00000122e4980a90, L_00000122e49c0358;
L_00000122e497fb90 .part L_00000122e4980bd0, 0, 4;
S_00000122e491cab0 .scope module, "centens" "BCD" 2 23, 3 1 0, S_00000122e492c150;
 .timescale 0 0;
    .port_info 0 /INPUT 4 "BCD_in";
    .port_info 1 /OUTPUT 7 "BCD_out";
v00000122e492a0b0_0 .net "BCD_in", 3 0, L_00000122e49808b0;  alias, 1 drivers
v00000122e4929250_0 .var "BCD_out", 0 6;
E_00000122e4928470 .event anyedge, v00000122e492a0b0_0;
S_00000122e491cc40 .scope module, "decens" "BCD" 2 18, 3 1 0, S_00000122e492c150;
 .timescale 0 0;
    .port_info 0 /INPUT 4 "BCD_in";
    .port_info 1 /OUTPUT 7 "BCD_out";
v00000122e4929a70_0 .net "BCD_in", 3 0, L_00000122e497f5f0;  alias, 1 drivers
v00000122e492a330_0 .var "BCD_out", 0 6;
E_00000122e4928d30 .event anyedge, v00000122e4929a70_0;
S_00000122e4911df0 .scope module, "milars" "BCD" 2 28, 3 1 0, S_00000122e492c150;
 .timescale 0 0;
    .port_info 0 /INPUT 4 "BCD_in";
    .port_info 1 /OUTPUT 7 "BCD_out";
v00000122e4929750_0 .net "BCD_in", 3 0, L_00000122e497fb90;  alias, 1 drivers
v00000122e492a6f0_0 .var "BCD_out", 0 6;
E_00000122e4928970 .event anyedge, v00000122e4929750_0;
S_00000122e4911f80 .scope module, "unit" "BCD" 2 13, 3 1 0, S_00000122e492c150;
 .timescale 0 0;
    .port_info 0 /INPUT 4 "BCD_in";
    .port_info 1 /OUTPUT 7 "BCD_out";
v00000122e49291b0_0 .net "BCD_in", 3 0, L_00000122e4980d10;  alias, 1 drivers
v00000122e4929110_0 .var "BCD_out", 0 6;
E_00000122e4928a70 .event anyedge, v00000122e49291b0_0;
S_00000122e491c920 .scope module, "comparador_tb" "comparador_tb" 4 1;
 .timescale 0 0;
v00000122e4980770_0 .net "ARDUINO_IO", 6 0, L_00000122e4980950;  1 drivers
o00000122e492d748 .functor BUFZ 7, c4<zzzzzzz>; HiZ drive
v00000122e4980ef0_0 .net "HEX0", 6 0, o00000122e492d748;  0 drivers
o00000122e492d778 .functor BUFZ 7, c4<zzzzzzz>; HiZ drive
v00000122e4981210_0 .net "HEX1", 6 0, o00000122e492d778;  0 drivers
o00000122e492d7a8 .functor BUFZ 7, c4<zzzzzzz>; HiZ drive
v00000122e497feb0_0 .net "HEX2", 6 0, o00000122e492d7a8;  0 drivers
o00000122e492d7d8 .functor BUFZ 7, c4<zzzzzzz>; HiZ drive
v00000122e497fe10_0 .net "HEX3", 6 0, o00000122e492d7d8;  0 drivers
v00000122e497fd70_0 .var "KEY", 1 0;
v00000122e497f870_0 .var "MAX10_CLK1_50", 0 0;
v00000122e497f550_0 .var "SW", 7 0;
S_00000122e490d560 .scope module, "uut" "pract5_w" 4 14, 5 1 0, S_00000122e491c920;
 .timescale 0 0;
    .port_info 0 /INPUT 2 "KEY";
    .port_info 1 /INPUT 1 "MAX10_CLK1_50";
    .port_info 2 /INPUT 8 "SW";
    .port_info 3 /OUTPUT 7 "ARDUINO_IO";
    .port_info 4 /OUTPUT 7 "HEX0";
    .port_info 5 /OUTPUT 7 "HEX1";
    .port_info 6 /OUTPUT 7 "HEX2";
    .port_info 7 /OUTPUT 7 "HEX3";
v00000122e4980810_0 .net "ARDUINO_IO", 0 6, L_00000122e4980950;  alias, 1 drivers
v00000122e4980590_0 .net "HEX0", 0 6, o00000122e492d748;  alias, 0 drivers
v00000122e497fa50_0 .net "HEX1", 0 6, o00000122e492d778;  alias, 0 drivers
v00000122e497faf0_0 .net "HEX2", 0 6, o00000122e492d7a8;  alias, 0 drivers
v00000122e497f7d0_0 .net "HEX3", 0 6, o00000122e492d7d8;  alias, 0 drivers
v00000122e4981030_0 .net "KEY", 1 0, v00000122e497fd70_0;  1 drivers
v00000122e4980630_0 .net "MAX10_CLK1_50", 0 0, v00000122e497f870_0;  1 drivers
v00000122e49806d0_0 .net "SW", 7 0, v00000122e497f550_0;  1 drivers
L_00000122e4980f90 .part v00000122e497fd70_0, 0, 1;
L_00000122e4980950 .part/pv v00000122e49804f0_0, 6, 1, 7;
S_00000122e490d6f0 .scope module, "wraper" "comparador" 5 13, 6 1 0, S_00000122e490d560;
 .timescale 0 0;
    .port_info 0 /INPUT 1 "clk";
    .port_info 1 /INPUT 1 "rst";
    .port_info 2 /INPUT 8 "in";
    .port_info 3 /OUTPUT 1 "out";
v00000122e492a290_0 .net "clk", 0 0, v00000122e497f870_0;  alias, 1 drivers
v00000122e4903970_0 .var "comp", 16 0;
v00000122e4903b50_0 .net "count", 16 0, v00000122e4929f70_0;  1 drivers
v00000122e4903e70_0 .net "in", 7 0, v00000122e497f550_0;  alias, 1 drivers
v00000122e49804f0_0 .var "out", 0 0;
v00000122e4981170_0 .net "rst", 0 0, L_00000122e4980f90;  1 drivers
S_00000122e490d880 .scope module, "countersin" "counter" 6 12, 7 1 0, S_00000122e490d6f0;
 .timescale 0 0;
    .port_info 0 /INPUT 1 "clk";
    .port_info 1 /INPUT 1 "rst";
    .port_info 2 /OUTPUT 17 "counter";
P_00000122e4912220 .param/l "CLK_FREQ" 0 7 2, +C4<00000000010011000100101101000000>;
P_00000122e4912258 .param/l "pwm" 0 7 1, +C4<00000000000000000000000000110010>;
v00000122e492ad30_0 .net "clk", 0 0, v00000122e497f870_0;  alias, 1 drivers
o00000122e492d388 .functor BUFZ 1, c4<z>; HiZ drive
v00000122e492add0_0 .net "clk_divider", 0 0, o00000122e492d388;  0 drivers
v00000122e4929f70_0 .var "counter", 16 0;
v00000122e492a010_0 .net "rst", 0 0, L_00000122e4980f90;  alias, 1 drivers
E_00000122e4928ab0 .event posedge, v00000122e492abf0_0, v00000122e492ad30_0;
S_00000122e48bd1d0 .scope module, "clock" "clk_divide" 7 9, 8 1 0, S_00000122e490d880;
 .timescale 0 0;
    .port_info 0 /INPUT 1 "clk";
    .port_info 1 /INPUT 1 "rst";
    .port_info 2 /OUTPUT 1 "clk_div";
P_00000122e48d6720 .param/l "CLK_FREQ" 0 8 3, +C4<00000000010011000100101101000000>;
P_00000122e48d6758 .param/l "FREQ" 0 8 2, +C4<00000000000000000000000000110010>;
P_00000122e48d6790 .param/l "constantnum" 1 8 12, +C4<0000000000000000000000000000000000000000000000001100001101010000>;
v00000122e4929ed0_0 .net "clk", 0 0, o00000122e492d388;  alias, 0 drivers
v00000122e492a150_0 .var "clk_div", 0 0;
v00000122e492af10_0 .var "count", 31 0;
v00000122e492abf0_0 .net "rst", 0 0, L_00000122e4980f90;  alias, 1 drivers
E_00000122e4927db0 .event posedge, v00000122e492abf0_0, v00000122e4929ed0_0;
    .scope S_00000122e4911f80;
T_0 ;
    %wait E_00000122e4928a70;
    %load/vec4 v00000122e49291b0_0;
    %dup/vec4;
    %pushi/vec4 0, 0, 4;
    %cmp/u;
    %jmp/1 T_0.0, 6;
    %dup/vec4;
    %pushi/vec4 1, 0, 4;
    %cmp/u;
    %jmp/1 T_0.1, 6;
    %dup/vec4;
    %pushi/vec4 2, 0, 4;
    %cmp/u;
    %jmp/1 T_0.2, 6;
    %dup/vec4;
    %pushi/vec4 3, 0, 4;
    %cmp/u;
    %jmp/1 T_0.3, 6;
    %dup/vec4;
    %pushi/vec4 4, 0, 4;
    %cmp/u;
    %jmp/1 T_0.4, 6;
    %dup/vec4;
    %pushi/vec4 5, 0, 4;
    %cmp/u;
    %jmp/1 T_0.5, 6;
    %dup/vec4;
    %pushi/vec4 6, 0, 4;
    %cmp/u;
    %jmp/1 T_0.6, 6;
    %dup/vec4;
    %pushi/vec4 7, 0, 4;
    %cmp/u;
    %jmp/1 T_0.7, 6;
    %dup/vec4;
    %pushi/vec4 8, 0, 4;
    %cmp/u;
    %jmp/1 T_0.8, 6;
    %dup/vec4;
    %pushi/vec4 9, 0, 4;
    %cmp/u;
    %jmp/1 T_0.9, 6;
    %dup/vec4;
    %pushi/vec4 10, 0, 4;
    %cmp/u;
    %jmp/1 T_0.10, 6;
    %pushi/vec4 127, 0, 7;
    %store/vec4 v00000122e4929110_0, 0, 7;
    %jmp T_0.12;
T_0.0 ;
    %pushi/vec4 1, 0, 7;
    %store/vec4 v00000122e4929110_0, 0, 7;
    %jmp T_0.12;
T_0.1 ;
    %pushi/vec4 79, 0, 7;
    %store/vec4 v00000122e4929110_0, 0, 7;
    %jmp T_0.12;
T_0.2 ;
    %pushi/vec4 18, 0, 7;
    %store/vec4 v00000122e4929110_0, 0, 7;
    %jmp T_0.12;
T_0.3 ;
    %pushi/vec4 6, 0, 7;
    %store/vec4 v00000122e4929110_0, 0, 7;
    %jmp T_0.12;
T_0.4 ;
    %pushi/vec4 76, 0, 7;
    %store/vec4 v00000122e4929110_0, 0, 7;
    %jmp T_0.12;
T_0.5 ;
    %pushi/vec4 36, 0, 7;
    %store/vec4 v00000122e4929110_0, 0, 7;
    %jmp T_0.12;
T_0.6 ;
    %pushi/vec4 32, 0, 7;
    %store/vec4 v00000122e4929110_0, 0, 7;
    %jmp T_0.12;
T_0.7 ;
    %pushi/vec4 15, 0, 7;
    %store/vec4 v00000122e4929110_0, 0, 7;
    %jmp T_0.12;
T_0.8 ;
    %pushi/vec4 0, 0, 7;
    %store/vec4 v00000122e4929110_0, 0, 7;
    %jmp T_0.12;
T_0.9 ;
    %pushi/vec4 4, 0, 7;
    %store/vec4 v00000122e4929110_0, 0, 7;
    %jmp T_0.12;
T_0.10 ;
    %pushi/vec4 127, 0, 7;
    %store/vec4 v00000122e4929110_0, 0, 7;
    %jmp T_0.12;
T_0.12 ;
    %pop/vec4 1;
    %jmp T_0;
    .thread T_0, $push;
    .scope S_00000122e491cc40;
T_1 ;
    %wait E_00000122e4928d30;
    %load/vec4 v00000122e4929a70_0;
    %dup/vec4;
    %pushi/vec4 0, 0, 4;
    %cmp/u;
    %jmp/1 T_1.0, 6;
    %dup/vec4;
    %pushi/vec4 1, 0, 4;
    %cmp/u;
    %jmp/1 T_1.1, 6;
    %dup/vec4;
    %pushi/vec4 2, 0, 4;
    %cmp/u;
    %jmp/1 T_1.2, 6;
    %dup/vec4;
    %pushi/vec4 3, 0, 4;
    %cmp/u;
    %jmp/1 T_1.3, 6;
    %dup/vec4;
    %pushi/vec4 4, 0, 4;
    %cmp/u;
    %jmp/1 T_1.4, 6;
    %dup/vec4;
    %pushi/vec4 5, 0, 4;
    %cmp/u;
    %jmp/1 T_1.5, 6;
    %dup/vec4;
    %pushi/vec4 6, 0, 4;
    %cmp/u;
    %jmp/1 T_1.6, 6;
    %dup/vec4;
    %pushi/vec4 7, 0, 4;
    %cmp/u;
    %jmp/1 T_1.7, 6;
    %dup/vec4;
    %pushi/vec4 8, 0, 4;
    %cmp/u;
    %jmp/1 T_1.8, 6;
    %dup/vec4;
    %pushi/vec4 9, 0, 4;
    %cmp/u;
    %jmp/1 T_1.9, 6;
    %dup/vec4;
    %pushi/vec4 10, 0, 4;
    %cmp/u;
    %jmp/1 T_1.10, 6;
    %pushi/vec4 127, 0, 7;
    %store/vec4 v00000122e492a330_0, 0, 7;
    %jmp T_1.12;
T_1.0 ;
    %pushi/vec4 1, 0, 7;
    %store/vec4 v00000122e492a330_0, 0, 7;
    %jmp T_1.12;
T_1.1 ;
    %pushi/vec4 79, 0, 7;
    %store/vec4 v00000122e492a330_0, 0, 7;
    %jmp T_1.12;
T_1.2 ;
    %pushi/vec4 18, 0, 7;
    %store/vec4 v00000122e492a330_0, 0, 7;
    %jmp T_1.12;
T_1.3 ;
    %pushi/vec4 6, 0, 7;
    %store/vec4 v00000122e492a330_0, 0, 7;
    %jmp T_1.12;
T_1.4 ;
    %pushi/vec4 76, 0, 7;
    %store/vec4 v00000122e492a330_0, 0, 7;
    %jmp T_1.12;
T_1.5 ;
    %pushi/vec4 36, 0, 7;
    %store/vec4 v00000122e492a330_0, 0, 7;
    %jmp T_1.12;
T_1.6 ;
    %pushi/vec4 32, 0, 7;
    %store/vec4 v00000122e492a330_0, 0, 7;
    %jmp T_1.12;
T_1.7 ;
    %pushi/vec4 15, 0, 7;
    %store/vec4 v00000122e492a330_0, 0, 7;
    %jmp T_1.12;
T_1.8 ;
    %pushi/vec4 0, 0, 7;
    %store/vec4 v00000122e492a330_0, 0, 7;
    %jmp T_1.12;
T_1.9 ;
    %pushi/vec4 4, 0, 7;
    %store/vec4 v00000122e492a330_0, 0, 7;
    %jmp T_1.12;
T_1.10 ;
    %pushi/vec4 127, 0, 7;
    %store/vec4 v00000122e492a330_0, 0, 7;
    %jmp T_1.12;
T_1.12 ;
    %pop/vec4 1;
    %jmp T_1;
    .thread T_1, $push;
    .scope S_00000122e491cab0;
T_2 ;
    %wait E_00000122e4928470;
    %load/vec4 v00000122e492a0b0_0;
    %dup/vec4;
    %pushi/vec4 0, 0, 4;
    %cmp/u;
    %jmp/1 T_2.0, 6;
    %dup/vec4;
    %pushi/vec4 1, 0, 4;
    %cmp/u;
    %jmp/1 T_2.1, 6;
    %dup/vec4;
    %pushi/vec4 2, 0, 4;
    %cmp/u;
    %jmp/1 T_2.2, 6;
    %dup/vec4;
    %pushi/vec4 3, 0, 4;
    %cmp/u;
    %jmp/1 T_2.3, 6;
    %dup/vec4;
    %pushi/vec4 4, 0, 4;
    %cmp/u;
    %jmp/1 T_2.4, 6;
    %dup/vec4;
    %pushi/vec4 5, 0, 4;
    %cmp/u;
    %jmp/1 T_2.5, 6;
    %dup/vec4;
    %pushi/vec4 6, 0, 4;
    %cmp/u;
    %jmp/1 T_2.6, 6;
    %dup/vec4;
    %pushi/vec4 7, 0, 4;
    %cmp/u;
    %jmp/1 T_2.7, 6;
    %dup/vec4;
    %pushi/vec4 8, 0, 4;
    %cmp/u;
    %jmp/1 T_2.8, 6;
    %dup/vec4;
    %pushi/vec4 9, 0, 4;
    %cmp/u;
    %jmp/1 T_2.9, 6;
    %dup/vec4;
    %pushi/vec4 10, 0, 4;
    %cmp/u;
    %jmp/1 T_2.10, 6;
    %pushi/vec4 127, 0, 7;
    %store/vec4 v00000122e4929250_0, 0, 7;
    %jmp T_2.12;
T_2.0 ;
    %pushi/vec4 1, 0, 7;
    %store/vec4 v00000122e4929250_0, 0, 7;
    %jmp T_2.12;
T_2.1 ;
    %pushi/vec4 79, 0, 7;
    %store/vec4 v00000122e4929250_0, 0, 7;
    %jmp T_2.12;
T_2.2 ;
    %pushi/vec4 18, 0, 7;
    %store/vec4 v00000122e4929250_0, 0, 7;
    %jmp T_2.12;
T_2.3 ;
    %pushi/vec4 6, 0, 7;
    %store/vec4 v00000122e4929250_0, 0, 7;
    %jmp T_2.12;
T_2.4 ;
    %pushi/vec4 76, 0, 7;
    %store/vec4 v00000122e4929250_0, 0, 7;
    %jmp T_2.12;
T_2.5 ;
    %pushi/vec4 36, 0, 7;
    %store/vec4 v00000122e4929250_0, 0, 7;
    %jmp T_2.12;
T_2.6 ;
    %pushi/vec4 32, 0, 7;
    %store/vec4 v00000122e4929250_0, 0, 7;
    %jmp T_2.12;
T_2.7 ;
    %pushi/vec4 15, 0, 7;
    %store/vec4 v00000122e4929250_0, 0, 7;
    %jmp T_2.12;
T_2.8 ;
    %pushi/vec4 0, 0, 7;
    %store/vec4 v00000122e4929250_0, 0, 7;
    %jmp T_2.12;
T_2.9 ;
    %pushi/vec4 4, 0, 7;
    %store/vec4 v00000122e4929250_0, 0, 7;
    %jmp T_2.12;
T_2.10 ;
    %pushi/vec4 127, 0, 7;
    %store/vec4 v00000122e4929250_0, 0, 7;
    %jmp T_2.12;
T_2.12 ;
    %pop/vec4 1;
    %jmp T_2;
    .thread T_2, $push;
    .scope S_00000122e4911df0;
T_3 ;
    %wait E_00000122e4928970;
    %load/vec4 v00000122e4929750_0;
    %dup/vec4;
    %pushi/vec4 0, 0, 4;
    %cmp/u;
    %jmp/1 T_3.0, 6;
    %dup/vec4;
    %pushi/vec4 1, 0, 4;
    %cmp/u;
    %jmp/1 T_3.1, 6;
    %dup/vec4;
    %pushi/vec4 2, 0, 4;
    %cmp/u;
    %jmp/1 T_3.2, 6;
    %dup/vec4;
    %pushi/vec4 3, 0, 4;
    %cmp/u;
    %jmp/1 T_3.3, 6;
    %dup/vec4;
    %pushi/vec4 4, 0, 4;
    %cmp/u;
    %jmp/1 T_3.4, 6;
    %dup/vec4;
    %pushi/vec4 5, 0, 4;
    %cmp/u;
    %jmp/1 T_3.5, 6;
    %dup/vec4;
    %pushi/vec4 6, 0, 4;
    %cmp/u;
    %jmp/1 T_3.6, 6;
    %dup/vec4;
    %pushi/vec4 7, 0, 4;
    %cmp/u;
    %jmp/1 T_3.7, 6;
    %dup/vec4;
    %pushi/vec4 8, 0, 4;
    %cmp/u;
    %jmp/1 T_3.8, 6;
    %dup/vec4;
    %pushi/vec4 9, 0, 4;
    %cmp/u;
    %jmp/1 T_3.9, 6;
    %dup/vec4;
    %pushi/vec4 10, 0, 4;
    %cmp/u;
    %jmp/1 T_3.10, 6;
    %pushi/vec4 127, 0, 7;
    %store/vec4 v00000122e492a6f0_0, 0, 7;
    %jmp T_3.12;
T_3.0 ;
    %pushi/vec4 1, 0, 7;
    %store/vec4 v00000122e492a6f0_0, 0, 7;
    %jmp T_3.12;
T_3.1 ;
    %pushi/vec4 79, 0, 7;
    %store/vec4 v00000122e492a6f0_0, 0, 7;
    %jmp T_3.12;
T_3.2 ;
    %pushi/vec4 18, 0, 7;
    %store/vec4 v00000122e492a6f0_0, 0, 7;
    %jmp T_3.12;
T_3.3 ;
    %pushi/vec4 6, 0, 7;
    %store/vec4 v00000122e492a6f0_0, 0, 7;
    %jmp T_3.12;
T_3.4 ;
    %pushi/vec4 76, 0, 7;
    %store/vec4 v00000122e492a6f0_0, 0, 7;
    %jmp T_3.12;
T_3.5 ;
    %pushi/vec4 36, 0, 7;
    %store/vec4 v00000122e492a6f0_0, 0, 7;
    %jmp T_3.12;
T_3.6 ;
    %pushi/vec4 32, 0, 7;
    %store/vec4 v00000122e492a6f0_0, 0, 7;
    %jmp T_3.12;
T_3.7 ;
    %pushi/vec4 15, 0, 7;
    %store/vec4 v00000122e492a6f0_0, 0, 7;
    %jmp T_3.12;
T_3.8 ;
    %pushi/vec4 0, 0, 7;
    %store/vec4 v00000122e492a6f0_0, 0, 7;
    %jmp T_3.12;
T_3.9 ;
    %pushi/vec4 4, 0, 7;
    %store/vec4 v00000122e492a6f0_0, 0, 7;
    %jmp T_3.12;
T_3.10 ;
    %pushi/vec4 127, 0, 7;
    %store/vec4 v00000122e492a6f0_0, 0, 7;
    %jmp T_3.12;
T_3.12 ;
    %pop/vec4 1;
    %jmp T_3;
    .thread T_3, $push;
    .scope S_00000122e48bd1d0;
T_4 ;
    %wait E_00000122e4927db0;
    %load/vec4 v00000122e492abf0_0;
    %pad/u 32;
    %cmpi/e 1, 0, 32;
    %jmp/0xz  T_4.0, 4;
    %pushi/vec4 0, 0, 32;
    %assign/vec4 v00000122e492af10_0, 0;
    %jmp T_4.1;
T_4.0 ;
    %load/vec4 v00000122e492af10_0;
    %pad/u 64;
    %cmpi/e 49999, 0, 64;
    %jmp/0xz  T_4.2, 4;
    %pushi/vec4 0, 0, 32;
    %assign/vec4 v00000122e492af10_0, 0;
    %jmp T_4.3;
T_4.2 ;
    %load/vec4 v00000122e492af10_0;
    %addi 1, 0, 32;
    %assign/vec4 v00000122e492af10_0, 0;
T_4.3 ;
T_4.1 ;
    %jmp T_4;
    .thread T_4;
    .scope S_00000122e48bd1d0;
T_5 ;
    %wait E_00000122e4927db0;
    %load/vec4 v00000122e492abf0_0;
    %pad/u 32;
    %cmpi/e 1, 0, 32;
    %jmp/0xz  T_5.0, 4;
    %pushi/vec4 0, 0, 1;
    %assign/vec4 v00000122e492a150_0, 0;
    %jmp T_5.1;
T_5.0 ;
    %load/vec4 v00000122e492af10_0;
    %pad/u 64;
    %cmpi/e 49999, 0, 64;
    %jmp/0xz  T_5.2, 4;
    %load/vec4 v00000122e492a150_0;
    %inv;
    %assign/vec4 v00000122e492a150_0, 0;
    %jmp T_5.3;
T_5.2 ;
    %load/vec4 v00000122e492a150_0;
    %assign/vec4 v00000122e492a150_0, 0;
T_5.3 ;
T_5.1 ;
    %jmp T_5;
    .thread T_5;
    .scope S_00000122e490d880;
T_6 ;
    %wait E_00000122e4928ab0;
    %load/vec4 v00000122e492a010_0;
    %flag_set/vec4 8;
    %jmp/0xz  T_6.0, 8;
    %pushi/vec4 0, 0, 17;
    %assign/vec4 v00000122e4929f70_0, 0;
    %jmp T_6.1;
T_6.0 ;
    %load/vec4 v00000122e4929f70_0;
    %pad/u 32;
    %cmpi/e 100000, 0, 32;
    %jmp/0xz  T_6.2, 4;
    %pushi/vec4 0, 0, 17;
    %assign/vec4 v00000122e4929f70_0, 0;
    %jmp T_6.3;
T_6.2 ;
    %load/vec4 v00000122e4929f70_0;
    %addi 1, 0, 17;
    %assign/vec4 v00000122e4929f70_0, 0;
T_6.3 ;
T_6.1 ;
    %jmp T_6;
    .thread T_6;
    .scope S_00000122e490d6f0;
T_7 ;
    %wait E_00000122e4928ab0;
    %load/vec4 v00000122e4981170_0;
    %flag_set/vec4 8;
    %jmp/0xz  T_7.0, 8;
    %pushi/vec4 0, 0, 17;
    %assign/vec4 v00000122e4903970_0, 0;
    %pushi/vec4 0, 0, 1;
    %assign/vec4 v00000122e49804f0_0, 0;
    %jmp T_7.1;
T_7.0 ;
    %pushi/vec4 27, 0, 32;
    %load/vec4 v00000122e4903e70_0;
    %pad/u 32;
    %mul;
    %addi 5000, 0, 32;
    %pad/u 17;
    %store/vec4 v00000122e4903970_0, 0, 17;
    %load/vec4 v00000122e4903b50_0;
    %load/vec4 v00000122e4903970_0;
    %cmp/u;
    %jmp/0xz  T_7.2, 5;
    %pushi/vec4 1, 0, 1;
    %assign/vec4 v00000122e49804f0_0, 0;
    %jmp T_7.3;
T_7.2 ;
    %pushi/vec4 0, 0, 1;
    %assign/vec4 v00000122e49804f0_0, 0;
T_7.3 ;
T_7.1 ;
    %jmp T_7;
    .thread T_7;
    .scope S_00000122e491c920;
T_8 ;
    %pushi/vec4 0, 0, 1;
    %store/vec4 v00000122e497f870_0, 0, 1;
T_8.0 ;
    %delay 10, 0;
    %load/vec4 v00000122e497f870_0;
    %inv;
    %store/vec4 v00000122e497f870_0, 0, 1;
    %jmp T_8.0;
T_8.1 ;
    %end;
    .thread T_8;
    .scope S_00000122e491c920;
T_9 ;
    %pushi/vec4 3, 0, 2;
    %store/vec4 v00000122e497fd70_0, 0, 2;
    %pushi/vec4 0, 0, 8;
    %store/vec4 v00000122e497f550_0, 0, 8;
    %delay 100, 0;
    %pushi/vec4 0, 0, 1;
    %ix/load 4, 0, 0;
    %flag_set/imm 4, 0;
    %store/vec4 v00000122e497fd70_0, 4, 1;
    %delay 100, 0;
    %pushi/vec4 1, 0, 1;
    %ix/load 4, 0, 0;
    %flag_set/imm 4, 0;
    %store/vec4 v00000122e497fd70_0, 4, 1;
    %delay 100, 0;
    %vpi_call 4 40 "$display", "Testing 0 degrees..." {0 0 0};
    %pushi/vec4 1, 0, 8;
    %store/vec4 v00000122e497f550_0, 0, 8;
    %delay 2500, 0;
    %vpi_call 4 45 "$display", "Testing 90 degrees..." {0 0 0};
    %pushi/vec4 2, 0, 8;
    %store/vec4 v00000122e497f550_0, 0, 8;
    %delay 2500, 0;
    %vpi_call 4 50 "$display", "Testing 180 degrees..." {0 0 0};
    %pushi/vec4 4, 0, 8;
    %store/vec4 v00000122e497f550_0, 0, 8;
    %delay 2500, 0;
    %vpi_call 4 54 "$display", "Test Complete" {0 0 0};
    %vpi_call 4 55 "$stop" {0 0 0};
    %end;
    .thread T_9;
    .scope S_00000122e491c920;
T_10 ;
    %vpi_call 4 59 "$monitor", "SW = %b", v00000122e497f550_0 {0 0 0};
    %end;
    .thread T_10;
    .scope S_00000122e491c920;
T_11 ;
    %vpi_call 4 63 "$dumpfile", "comparador_tb.vcd" {0 0 0};
    %vpi_call 4 64 "$dumpvars", 32'sb00000000000000000000000000000000, S_00000122e491c920 {0 0 0};
    %end;
    .thread T_11;
# The file index is used to find the file name in the following table.
:file_names 9;
    "N/A";
    "<interactive>";
    "BCD_4display.v";
    "BCD.v";
    "comparador_tb.v";
    "pract5_w.v";
    "comparador.v";
    "counter.v";
    "clk_divide.v";
