#! 
:ivl_version "13.0 (devel)" "(s20251012-92-gfe295c89f-dirty)";
:ivl_delay_selection "TYPICAL";
:vpi_time_precision + 0;
:vpi_module "D:\OSS-CA~1\lib\ivl\system.vpi";
:vpi_module "D:\OSS-CA~1\lib\ivl\vhdl_sys.vpi";
:vpi_module "D:\OSS-CA~1\lib\ivl\vhdl_textio.vpi";
:vpi_module "D:\OSS-CA~1\lib\ivl\v2005_math.vpi";
:vpi_module "D:\OSS-CA~1\lib\ivl\va_math.vpi";
S_0000026557630a50 .scope module, "cam_tb" "cam_tb" 2 1;
 .timescale 0 0;
P_00000265575f6bf0 .param/l "ADDR_WIDTH" 0 2 3, +C4<00000000000000000000000000001000>;
P_00000265575f6c28 .param/l "DATA_WIDTH" 0 2 2, +C4<00000000000000000000000000010000>;
v00000265576273f0_0 .var "clk", 0 0;
v00000265576275d0_0 .net "match", 0 0, v000002655761c810_0;  1 drivers
v0000026557626e50_0 .var "rst", 0 0;
v0000026557626f90_0 .var "search_data", 15 0;
v0000026557626bd0_0 .var "search_enable", 0 0;
L_0000026557626810 .part v0000026557626f90_0, 0, 4;
S_0000026557630be0 .scope module, "DUT" "cam" 2 12, 3 1 0, S_0000026557630a50;
 .timescale 0 0;
    .port_info 0 /INPUT 1 "clk";
    .port_info 1 /INPUT 1 "rst";
    .port_info 2 /INPUT 1 "search_enable";
    .port_info 3 /INPUT 4 "search_data";
    .port_info 4 /OUTPUT 1 "match";
P_00000265575f6df0 .param/l "add_width" 0 3 1, +C4<00000000000000000000000000001000>;
P_00000265575f6e28 .param/l "data_width" 0 3 1, +C4<00000000000000000000000000000100>;
v000002655761a610_0 .net "clk", 0 0, v00000265576273f0_0;  1 drivers
v000002655761a6b0_0 .net "count", 7 0, v00000265575f6a80_0;  1 drivers
v000002655761c810_0 .var "match", 0 0;
v000002655761c8b0 .array "mem", 255 0, 3 0;
v0000026557626ef0_0 .net "rst", 0 0, v0000026557626e50_0;  1 drivers
v0000026557627670_0 .net "search_data", 3 0, L_0000026557626810;  1 drivers
v0000026557626770_0 .net "search_enable", 0 0, v0000026557626bd0_0;  1 drivers
S_0000026557630d70 .scope module, "contador" "counter" 3 12, 4 1 0, S_0000026557630be0;
 .timescale 0 0;
    .port_info 0 /INPUT 1 "clk";
    .port_info 1 /INPUT 1 "rst";
    .port_info 2 /OUTPUT 8 "count";
P_000002655761be90 .param/l "add_width" 0 4 1, +C4<00000000000000000000000000001000>;
v00000265576196f0_0 .net "clk", 0 0, v00000265576273f0_0;  alias, 1 drivers
v00000265575f6a80_0 .var "count", 7 0;
v00000265575ddba0_0 .net "rst", 0 0, v0000026557626e50_0;  alias, 1 drivers
E_000002655761b8d0 .event posedge, v00000265575ddba0_0, v00000265576196f0_0;
    .scope S_0000026557630d70;
T_0 ;
    %wait E_000002655761b8d0;
    %load/vec4 v00000265575ddba0_0;
    %flag_set/vec4 8;
    %jmp/0xz  T_0.0, 8;
    %pushi/vec4 0, 0, 8;
    %assign/vec4 v00000265575f6a80_0, 0;
    %jmp T_0.1;
T_0.0 ;
    %load/vec4 v00000265575f6a80_0;
    %addi 1, 0, 8;
    %assign/vec4 v00000265575f6a80_0, 0;
T_0.1 ;
    %jmp T_0;
    .thread T_0;
    .scope S_0000026557630be0;
T_1 ;
    %vpi_call 3 19 "$readmemh", "memo.hex", v000002655761c8b0 {0 0 0};
    %end;
    .thread T_1;
    .scope S_0000026557630be0;
T_2 ;
    %wait E_000002655761b8d0;
    %load/vec4 v0000026557626ef0_0;
    %flag_set/vec4 8;
    %jmp/0xz  T_2.0, 8;
    %pushi/vec4 0, 0, 1;
    %assign/vec4 v000002655761c810_0, 0;
    %jmp T_2.1;
T_2.0 ;
    %load/vec4 v0000026557626770_0;
    %flag_set/vec4 8;
    %jmp/0xz  T_2.2, 8;
    %load/vec4 v000002655761a6b0_0;
    %pad/u 10;
    %ix/vec4 4;
    %load/vec4a v000002655761c8b0, 4;
    %load/vec4 v0000026557627670_0;
    %cmp/e;
    %jmp/0xz  T_2.4, 4;
    %pushi/vec4 1, 0, 1;
    %assign/vec4 v000002655761c810_0, 0;
    %jmp T_2.5;
T_2.4 ;
    %pushi/vec4 0, 0, 1;
    %assign/vec4 v000002655761c810_0, 0;
T_2.5 ;
    %jmp T_2.3;
T_2.2 ;
    %pushi/vec4 0, 0, 1;
    %assign/vec4 v000002655761c810_0, 0;
T_2.3 ;
T_2.1 ;
    %jmp T_2;
    .thread T_2;
    .scope S_0000026557630a50;
T_3 ;
    %pushi/vec4 0, 0, 1;
    %store/vec4 v00000265576273f0_0, 0, 1;
T_3.0 ;
    %delay 10, 0;
    %load/vec4 v00000265576273f0_0;
    %inv;
    %store/vec4 v00000265576273f0_0, 0, 1;
    %jmp T_3.0;
T_3.1 ;
    %end;
    .thread T_3;
    .scope S_0000026557630a50;
T_4 ;
    %pushi/vec4 1, 0, 1;
    %store/vec4 v0000026557626e50_0, 0, 1;
    %pushi/vec4 0, 0, 1;
    %store/vec4 v0000026557626bd0_0, 0, 1;
    %pushi/vec4 0, 0, 16;
    %store/vec4 v0000026557626f90_0, 0, 16;
    %delay 20, 0;
    %pushi/vec4 0, 0, 1;
    %store/vec4 v0000026557626e50_0, 0, 1;
    %pushi/vec4 1, 0, 1;
    %store/vec4 v0000026557626bd0_0, 0, 1;
    %pushi/vec4 0, 0, 16;
    %store/vec4 v0000026557626f90_0, 0, 16;
    %delay 40, 0;
    %pushi/vec4 10, 0, 16;
    %store/vec4 v0000026557626f90_0, 0, 16;
    %delay 40, 0;
    %pushi/vec4 21, 0, 16;
    %store/vec4 v0000026557626f90_0, 0, 16;
    %delay 40, 0;
    %pushi/vec4 255, 0, 16;
    %store/vec4 v0000026557626f90_0, 0, 16;
    %delay 40, 0;
    %pushi/vec4 4660, 0, 16;
    %store/vec4 v0000026557626f90_0, 0, 16;
    %delay 40, 0;
    %vpi_call 2 45 "$stop" {0 0 0};
    %vpi_call 2 46 "$finish" {0 0 0};
    %end;
    .thread T_4;
    .scope S_0000026557630a50;
T_5 ;
    %vpi_call 2 50 "$monitor", "search_data=%h | match=%b", v0000026557626f90_0, v00000265576275d0_0 {0 0 0};
    %end;
    .thread T_5;
    .scope S_0000026557630a50;
T_6 ;
    %vpi_call 2 54 "$dumpfile", "cam_tb.vcd" {0 0 0};
    %vpi_call 2 55 "$dumpvars", 32'sb00000000000000000000000000000000, S_0000026557630a50 {0 0 0};
    %end;
    .thread T_6;
# The file index is used to find the file name in the following table.
:file_names 5;
    "N/A";
    "<interactive>";
    "cam_tb.v";
    "cam.v";
    "counter.v";
