#! 
:ivl_version "13.0 (devel)" "(s20251012-92-gfe295c89f-dirty)";
:ivl_delay_selection "TYPICAL";
:vpi_time_precision + 0;
:vpi_module "D:\OSS-CA~1\lib\ivl\system.vpi";
:vpi_module "D:\OSS-CA~1\lib\ivl\vhdl_sys.vpi";
:vpi_module "D:\OSS-CA~1\lib\ivl\vhdl_textio.vpi";
:vpi_module "D:\OSS-CA~1\lib\ivl\v2005_math.vpi";
:vpi_module "D:\OSS-CA~1\lib\ivl\va_math.vpi";
S_00000224d89dd0e0 .scope module, "mini_challenge_tb" "mini_challenge_tb" 2 1;
 .timescale 0 0;
v00000224d89edbe0_0 .var "clk", 0 0;
v00000224d8a39680_0 .var "in", 0 0;
v00000224d8a394a0_0 .net "out", 0 0, v00000224d89edaa0_0;  1 drivers
v00000224d8a39540_0 .var "rst", 0 0;
S_00000224d89ed870 .scope module, "DUT" "mini_challenge" 2 5, 3 1 0, S_00000224d89dd0e0;
 .timescale 0 0;
    .port_info 0 /INPUT 1 "clk";
    .port_info 1 /INPUT 1 "rst";
    .port_info 2 /INPUT 1 "in";
    .port_info 3 /OUTPUT 1 "out";
P_00000224d89dafa0 .param/l "N" 0 3 2, +C4<00000000000000000000000000000100>;
v00000224d899af20_0 .net "clk", 0 0, v00000224d89edbe0_0;  1 drivers
v00000224d899de60_0 .var "cnt", 3 0;
v00000224d89eda00_0 .net "in", 0 0, v00000224d8a39680_0;  1 drivers
v00000224d89edaa0_0 .var "out", 0 0;
v00000224d89edb40_0 .net "rst", 0 0, v00000224d8a39540_0;  1 drivers
E_00000224d89dafe0 .event posedge, v00000224d899af20_0;
S_00000224d89dd270 .scope module, "mini_challenge_w" "mini_challenge_w" 4 1;
 .timescale 0 0;
    .port_info 0 /INPUT 1 "MAX10_CLK1_50";
    .port_info 1 /INPUT 2 "KEY";
    .port_info 2 /OUTPUT 1 "LEDR";
o00000224d89f0338 .functor BUFZ 2, c4<zz>; HiZ drive
v00000224d8a38dc0_0 .net "KEY", 1 0, o00000224d89f0338;  0 drivers
v00000224d8a395e0_0 .net "LEDR", 0 0, v00000224d8a392c0_0;  1 drivers
o00000224d89f0188 .functor BUFZ 1, c4<z>; HiZ drive
v00000224d8a397c0_0 .net "MAX10_CLK1_50", 0 0, o00000224d89f0188;  0 drivers
L_00000224d8a38f00 .part o00000224d89f0338, 0, 1;
L_00000224d8a39220 .part o00000224d89f0338, 1, 1;
S_00000224d89b60d0 .scope module, "w" "mini_challenge" 4 7, 3 1 0, S_00000224d89dd270;
 .timescale 0 0;
    .port_info 0 /INPUT 1 "clk";
    .port_info 1 /INPUT 1 "rst";
    .port_info 2 /INPUT 1 "in";
    .port_info 3 /OUTPUT 1 "out";
P_00000224d89db020 .param/l "N" 0 3 2, +C4<00000000000000000000000000000100>;
v00000224d8a38aa0_0 .net "clk", 0 0, o00000224d89f0188;  alias, 0 drivers
v00000224d8a38fa0_0 .var "cnt", 3 0;
v00000224d8a39180_0 .net "in", 0 0, L_00000224d8a39220;  1 drivers
v00000224d8a392c0_0 .var "out", 0 0;
v00000224d8a38c80_0 .net "rst", 0 0, L_00000224d8a38f00;  1 drivers
E_00000224d89db2a0 .event posedge, v00000224d8a38aa0_0;
    .scope S_00000224d89ed870;
T_0 ;
    %wait E_00000224d89dafe0;
    %load/vec4 v00000224d89edb40_0;
    %flag_set/vec4 8;
    %jmp/0xz  T_0.0, 8;
    %pushi/vec4 0, 0, 1;
    %assign/vec4 v00000224d89edaa0_0, 0;
    %pushi/vec4 0, 0, 4;
    %assign/vec4 v00000224d899de60_0, 0;
    %jmp T_0.1;
T_0.0 ;
    %load/vec4 v00000224d89eda00_0;
    %load/vec4 v00000224d89edaa0_0;
    %cmp/e;
    %jmp/0xz  T_0.2, 4;
    %pushi/vec4 0, 0, 4;
    %assign/vec4 v00000224d899de60_0, 0;
    %jmp T_0.3;
T_0.2 ;
    %load/vec4 v00000224d899de60_0;
    %cmpi/e 15, 0, 4;
    %jmp/0xz  T_0.4, 4;
    %load/vec4 v00000224d89eda00_0;
    %assign/vec4 v00000224d89edaa0_0, 0;
    %pushi/vec4 0, 0, 4;
    %assign/vec4 v00000224d899de60_0, 0;
    %jmp T_0.5;
T_0.4 ;
    %load/vec4 v00000224d899de60_0;
    %addi 1, 0, 4;
    %assign/vec4 v00000224d899de60_0, 0;
T_0.5 ;
T_0.3 ;
T_0.1 ;
    %jmp T_0;
    .thread T_0;
    .scope S_00000224d89dd0e0;
T_1 ;
    %pushi/vec4 0, 0, 1;
    %store/vec4 v00000224d89edbe0_0, 0, 1;
T_1.0 ;
    %delay 10, 0;
    %load/vec4 v00000224d89edbe0_0;
    %inv;
    %store/vec4 v00000224d89edbe0_0, 0, 1;
    %jmp T_1.0;
T_1.1 ;
    %end;
    .thread T_1;
    .scope S_00000224d89dd0e0;
T_2 ;
    %vpi_call 2 16 "$display", "sim iniciada" {0 0 0};
    %pushi/vec4 1, 0, 1;
    %store/vec4 v00000224d8a39540_0, 0, 1;
    %pushi/vec4 0, 0, 1;
    %store/vec4 v00000224d8a39680_0, 0, 1;
    %delay 20, 0;
    %pushi/vec4 0, 0, 1;
    %store/vec4 v00000224d8a39540_0, 0, 1;
    %pushi/vec4 50, 0, 32;
T_2.0 %dup/vec4;
    %cmpi/s 0, 0, 32;
    %jmp/1xz T_2.1, 5;
    %jmp/1 T_2.1, 4;
    %subi 1, 0, 32;
    %vpi_func 2 24 "$random" 32 {0 0 0};
    %pushi/vec4 2, 0, 32;
    %mod/s;
    %pad/s 1;
    %store/vec4 v00000224d8a39680_0, 0, 1;
    %pushi/vec4 40, 0, 32;
T_2.2 %dup/vec4;
    %cmpi/s 0, 0, 32;
    %jmp/1xz T_2.3, 5;
    %jmp/1 T_2.3, 4;
    %subi 1, 0, 32;
    %wait E_00000224d89dafe0;
    %jmp T_2.2;
T_2.3 ;
    %pop/vec4 1;
    %jmp T_2.0;
T_2.1 ;
    %pop/vec4 1;
    %vpi_call 2 30 "$display", "sim finalizada" {0 0 0};
    %vpi_call 2 31 "$stop" {0 0 0};
    %vpi_call 2 32 "$finish" {0 0 0};
    %end;
    .thread T_2;
    .scope S_00000224d89dd0e0;
T_3 ;
    %vpi_call 2 38 "$monitor", "clk = %b ,in= %b ,out = %b", v00000224d89edbe0_0, v00000224d8a39680_0, v00000224d8a394a0_0 {0 0 0};
    %end;
    .thread T_3;
    .scope S_00000224d89dd0e0;
T_4 ;
    %vpi_call 2 42 "$dumpfile", "mini_challenge_tb.vcd" {0 0 0};
    %vpi_call 2 43 "$dumpvars", 32'sb00000000000000000000000000000000, S_00000224d89dd0e0 {0 0 0};
    %end;
    .thread T_4;
    .scope S_00000224d89b60d0;
T_5 ;
    %wait E_00000224d89db2a0;
    %load/vec4 v00000224d8a38c80_0;
    %flag_set/vec4 8;
    %jmp/0xz  T_5.0, 8;
    %pushi/vec4 0, 0, 1;
    %assign/vec4 v00000224d8a392c0_0, 0;
    %pushi/vec4 0, 0, 4;
    %assign/vec4 v00000224d8a38fa0_0, 0;
    %jmp T_5.1;
T_5.0 ;
    %load/vec4 v00000224d8a39180_0;
    %load/vec4 v00000224d8a392c0_0;
    %cmp/e;
    %jmp/0xz  T_5.2, 4;
    %pushi/vec4 0, 0, 4;
    %assign/vec4 v00000224d8a38fa0_0, 0;
    %jmp T_5.3;
T_5.2 ;
    %load/vec4 v00000224d8a38fa0_0;
    %cmpi/e 15, 0, 4;
    %jmp/0xz  T_5.4, 4;
    %load/vec4 v00000224d8a39180_0;
    %assign/vec4 v00000224d8a392c0_0, 0;
    %pushi/vec4 0, 0, 4;
    %assign/vec4 v00000224d8a38fa0_0, 0;
    %jmp T_5.5;
T_5.4 ;
    %load/vec4 v00000224d8a38fa0_0;
    %addi 1, 0, 4;
    %assign/vec4 v00000224d8a38fa0_0, 0;
T_5.5 ;
T_5.3 ;
T_5.1 ;
    %jmp T_5;
    .thread T_5;
# The file index is used to find the file name in the following table.
:file_names 5;
    "N/A";
    "<interactive>";
    "mini_challenge_tb.v";
    "mini_challenge.v";
    "mini_challenge_w.v";
