#! 
:ivl_version "13.0 (devel)" "(s20251012-92-gfe295c89f-dirty)";
:ivl_delay_selection "TYPICAL";
:vpi_time_precision + 0;
:vpi_module "D:\OSS-CA~1\lib\ivl\system.vpi";
:vpi_module "D:\OSS-CA~1\lib\ivl\vhdl_sys.vpi";
:vpi_module "D:\OSS-CA~1\lib\ivl\vhdl_textio.vpi";
:vpi_module "D:\OSS-CA~1\lib\ivl\v2005_math.vpi";
:vpi_module "D:\OSS-CA~1\lib\ivl\va_math.vpi";
S_000001e1c12bf090 .scope module, "main_tb" "main_tb" 2 1;
 .timescale 0 0;
v000001e1c1345200_0 .net "D_ce", 0 6, v000001e1c12d6820_0;  1 drivers
v000001e1c1344bc0_0 .net "D_de", 0 6, v000001e1c12d6960_0;  1 drivers
v000001e1c1344580_0 .net "D_mi", 0 6, v000001e1c1343020_0;  1 drivers
v000001e1c13452a0_0 .net "D_un", 0 6, v000001e1c1342bc0_0;  1 drivers
v000001e1c1345480_0 .var "clk", 0 0;
v000001e1c1345020_0 .var "data_in", 6 0;
v000001e1c1344c60_0 .var "load", 0 0;
v000001e1c1344a80_0 .var "rst", 0 0;
v000001e1c1344ee0_0 .var "up_down", 0 0;
S_000001e1c12bf3b0 .scope module, "uut" "main" 2 14, 3 1 0, S_000001e1c12bf090;
 .timescale 0 0;
    .port_info 0 /INPUT 1 "clk";
    .port_info 1 /INPUT 1 "rst";
    .port_info 2 /INPUT 1 "up_down";
    .port_info 3 /INPUT 1 "load";
    .port_info 4 /INPUT 7 "data_in";
    .port_info 5 /OUTPUT 7 "D_un";
    .port_info 6 /OUTPUT 7 "D_de";
    .port_info 7 /OUTPUT 7 "D_ce";
    .port_info 8 /OUTPUT 7 "D_mi";
v000001e1c1343980_0 .net "D_ce", 0 6, v000001e1c12d6820_0;  alias, 1 drivers
v000001e1c13421c0_0 .net "D_de", 0 6, v000001e1c12d6960_0;  alias, 1 drivers
v000001e1c1342300_0 .net "D_mi", 0 6, v000001e1c1343020_0;  alias, 1 drivers
v000001e1c1342940_0 .net "D_un", 0 6, v000001e1c1342bc0_0;  alias, 1 drivers
L_000001e1c13603a0 .functor BUFT 1, C4<00>, C4<0>, C4<0>, C4<0>;
v000001e1c1342440_0 .net *"_ivl_3", 1 0, L_000001e1c13603a0;  1 drivers
v000001e1c13424e0_0 .net "clk", 0 0, v000001e1c1345480_0;  1 drivers
v000001e1c1342580_0 .net "clock", 0 0, v000001e1c1342800_0;  1 drivers
v000001e1c1342620_0 .net "counter", 7 0, v000001e1c12d7e00_0;  1 drivers
v000001e1c1342760_0 .net "data_in", 6 0, v000001e1c1345020_0;  1 drivers
v000001e1c13429e0_0 .net "load", 0 0, v000001e1c1344c60_0;  1 drivers
v000001e1c1342a80_0 .net "rst", 0 0, v000001e1c1344a80_0;  1 drivers
v000001e1c1342b20_0 .net "up_down", 0 0, v000001e1c1344ee0_0;  1 drivers
L_000001e1c13506c0 .concat [ 8 2 0 0], v000001e1c12d7e00_0, L_000001e1c13603a0;
S_000001e1c12b3630 .scope module, "counter1" "count" 3 20, 4 1 0, S_000001e1c12bf3b0;
 .timescale 0 0;
    .port_info 0 /INPUT 1 "clk";
    .port_info 1 /INPUT 1 "rst";
    .port_info 2 /INPUT 1 "up_down";
    .port_info 3 /INPUT 1 "load";
    .port_info 4 /INPUT 7 "data_in";
    .port_info 5 /OUTPUT 8 "counter";
    .port_info 6 /OUTPUT 8 "save";
v000001e1c12d7d60_0 .net "clk", 0 0, v000001e1c1342800_0;  alias, 1 drivers
v000001e1c12d7e00_0 .var "counter", 7 0;
v000001e1c12d65a0_0 .net "data_in", 6 0, v000001e1c1345020_0;  alias, 1 drivers
v000001e1c12d8080_0 .net "load", 0 0, v000001e1c1344c60_0;  alias, 1 drivers
v000001e1c12d6280_0 .net "rst", 0 0, v000001e1c1344a80_0;  alias, 1 drivers
v000001e1c12d6500_0 .var "save", 7 0;
v000001e1c12d6780_0 .net "up_down", 0 0, v000001e1c1344ee0_0;  alias, 1 drivers
E_000001e1c12ec1f0 .event posedge, v000001e1c12d6280_0, v000001e1c12d7d60_0;
S_000001e1c12b37c0 .scope module, "u_4disp" "BCD_4display" 3 26, 5 1 0, S_000001e1c12bf3b0;
 .timescale 0 0;
    .port_info 0 /INPUT 10 "bcd_in";
    .port_info 1 /OUTPUT 7 "D_un";
    .port_info 2 /OUTPUT 7 "D_de";
    .port_info 3 /OUTPUT 7 "D_ce";
    .port_info 4 /OUTPUT 7 "D_mi";
P_000001e1c12a88a0 .param/l "N_in" 0 5 1, +C4<00000000000000000000000000001010>;
P_000001e1c12a88d8 .param/l "N_out" 0 5 1, +C4<00000000000000000000000000000111>;
v000001e1c1342260_0 .net "D_ce", 6 0, v000001e1c12d6820_0;  alias, 1 drivers
v000001e1c1341ea0_0 .net "D_de", 6 0, v000001e1c12d6960_0;  alias, 1 drivers
v000001e1c1341f40_0 .net "D_mi", 6 0, v000001e1c1343020_0;  alias, 1 drivers
v000001e1c13432a0_0 .net "D_un", 6 0, v000001e1c1342bc0_0;  alias, 1 drivers
v000001e1c1341fe0_0 .net *"_ivl_0", 31 0, L_000001e1c13515c0;  1 drivers
v000001e1c1343340_0 .net *"_ivl_10", 31 0, L_000001e1c1351020;  1 drivers
L_000001e1c1360118 .functor BUFT 1, C4<0000000000000000000000>, C4<0>, C4<0>, C4<0>;
v000001e1c1343660_0 .net *"_ivl_13", 21 0, L_000001e1c1360118;  1 drivers
L_000001e1c1360160 .functor BUFT 1, C4<00000000000000000000000000001010>, C4<0>, C4<0>, C4<0>;
v000001e1c1342c60_0 .net/2u *"_ivl_14", 31 0, L_000001e1c1360160;  1 drivers
v000001e1c1341cc0_0 .net *"_ivl_16", 31 0, L_000001e1c1351660;  1 drivers
L_000001e1c13601a8 .functor BUFT 1, C4<00000000000000000000000000001010>, C4<0>, C4<0>, C4<0>;
v000001e1c1342f80_0 .net/2u *"_ivl_18", 31 0, L_000001e1c13601a8;  1 drivers
v000001e1c1342d00_0 .net *"_ivl_20", 31 0, L_000001e1c1351ca0;  1 drivers
v000001e1c1341e00_0 .net *"_ivl_24", 31 0, L_000001e1c13524c0;  1 drivers
L_000001e1c13601f0 .functor BUFT 1, C4<0000000000000000000000>, C4<0>, C4<0>, C4<0>;
v000001e1c1343480_0 .net *"_ivl_27", 21 0, L_000001e1c13601f0;  1 drivers
L_000001e1c1360238 .functor BUFT 1, C4<00000000000000000000000001100100>, C4<0>, C4<0>, C4<0>;
v000001e1c13428a0_0 .net/2u *"_ivl_28", 31 0, L_000001e1c1360238;  1 drivers
L_000001e1c1360088 .functor BUFT 1, C4<0000000000000000000000>, C4<0>, C4<0>, C4<0>;
v000001e1c13433e0_0 .net *"_ivl_3", 21 0, L_000001e1c1360088;  1 drivers
v000001e1c1342da0_0 .net *"_ivl_30", 31 0, L_000001e1c1351340;  1 drivers
L_000001e1c1360280 .functor BUFT 1, C4<00000000000000000000000000001010>, C4<0>, C4<0>, C4<0>;
v000001e1c13430c0_0 .net/2u *"_ivl_32", 31 0, L_000001e1c1360280;  1 drivers
v000001e1c1342e40_0 .net *"_ivl_34", 31 0, L_000001e1c1352380;  1 drivers
v000001e1c13423a0_0 .net *"_ivl_38", 31 0, L_000001e1c1350d00;  1 drivers
L_000001e1c13600d0 .functor BUFT 1, C4<00000000000000000000000000001010>, C4<0>, C4<0>, C4<0>;
v000001e1c1343520_0 .net/2u *"_ivl_4", 31 0, L_000001e1c13600d0;  1 drivers
L_000001e1c13602c8 .functor BUFT 1, C4<0000000000000000000000>, C4<0>, C4<0>, C4<0>;
v000001e1c1342080_0 .net *"_ivl_41", 21 0, L_000001e1c13602c8;  1 drivers
L_000001e1c1360310 .functor BUFT 1, C4<00000000000000000000001111101000>, C4<0>, C4<0>, C4<0>;
v000001e1c1342ee0_0 .net/2u *"_ivl_42", 31 0, L_000001e1c1360310;  1 drivers
v000001e1c1343160_0 .net *"_ivl_44", 31 0, L_000001e1c1350a80;  1 drivers
L_000001e1c1360358 .functor BUFT 1, C4<00000000000000000000000000001010>, C4<0>, C4<0>, C4<0>;
v000001e1c1343a20_0 .net/2u *"_ivl_46", 31 0, L_000001e1c1360358;  1 drivers
v000001e1c1343ac0_0 .net *"_ivl_48", 31 0, L_000001e1c1350620;  1 drivers
v000001e1c1343200_0 .net *"_ivl_6", 31 0, L_000001e1c1351a20;  1 drivers
v000001e1c13435c0_0 .net "bcd_in", 9 0, L_000001e1c13506c0;  1 drivers
v000001e1c13426c0_0 .net "centenas", 3 0, L_000001e1c1350c60;  1 drivers
v000001e1c1343700_0 .net "decenas", 3 0, L_000001e1c13522e0;  1 drivers
v000001e1c1342120_0 .net "milares", 3 0, L_000001e1c13513e0;  1 drivers
v000001e1c13437a0_0 .net "unidades", 3 0, L_000001e1c1351b60;  1 drivers
L_000001e1c13515c0 .concat [ 10 22 0 0], L_000001e1c13506c0, L_000001e1c1360088;
L_000001e1c1351a20 .arith/mod 32, L_000001e1c13515c0, L_000001e1c13600d0;
L_000001e1c1351b60 .part L_000001e1c1351a20, 0, 4;
L_000001e1c1351020 .concat [ 10 22 0 0], L_000001e1c13506c0, L_000001e1c1360118;
L_000001e1c1351660 .arith/div 32, L_000001e1c1351020, L_000001e1c1360160;
L_000001e1c1351ca0 .arith/mod 32, L_000001e1c1351660, L_000001e1c13601a8;
L_000001e1c13522e0 .part L_000001e1c1351ca0, 0, 4;
L_000001e1c13524c0 .concat [ 10 22 0 0], L_000001e1c13506c0, L_000001e1c13601f0;
L_000001e1c1351340 .arith/div 32, L_000001e1c13524c0, L_000001e1c1360238;
L_000001e1c1352380 .arith/mod 32, L_000001e1c1351340, L_000001e1c1360280;
L_000001e1c1350c60 .part L_000001e1c1352380, 0, 4;
L_000001e1c1350d00 .concat [ 10 22 0 0], L_000001e1c13506c0, L_000001e1c13602c8;
L_000001e1c1350a80 .arith/div 32, L_000001e1c1350d00, L_000001e1c1360310;
L_000001e1c1350620 .arith/mod 32, L_000001e1c1350a80, L_000001e1c1360358;
L_000001e1c13513e0 .part L_000001e1c1350620, 0, 4;
S_000001e1c12b3950 .scope module, "centens" "BCD" 5 23, 6 1 0, S_000001e1c12b37c0;
 .timescale 0 0;
    .port_info 0 /INPUT 4 "BCD_in";
    .port_info 1 /OUTPUT 7 "BCD_out";
v000001e1c12d6a00_0 .net "BCD_in", 3 0, L_000001e1c1350c60;  alias, 1 drivers
v000001e1c12d6820_0 .var "BCD_out", 0 6;
E_000001e1c12ebef0 .event anyedge, v000001e1c12d6a00_0;
S_000001e1c12ad7d0 .scope module, "decens" "BCD" 5 18, 6 1 0, S_000001e1c12b37c0;
 .timescale 0 0;
    .port_info 0 /INPUT 4 "BCD_in";
    .port_info 1 /OUTPUT 7 "BCD_out";
v000001e1c12d68c0_0 .net "BCD_in", 3 0, L_000001e1c13522e0;  alias, 1 drivers
v000001e1c12d6960_0 .var "BCD_out", 0 6;
E_000001e1c12ec8f0 .event anyedge, v000001e1c12d68c0_0;
S_000001e1c12ad960 .scope module, "milars" "BCD" 5 28, 6 1 0, S_000001e1c12b37c0;
 .timescale 0 0;
    .port_info 0 /INPUT 4 "BCD_in";
    .port_info 1 /OUTPUT 7 "BCD_out";
v000001e1c12d6b40_0 .net "BCD_in", 3 0, L_000001e1c13513e0;  alias, 1 drivers
v000001e1c1343020_0 .var "BCD_out", 0 6;
E_000001e1c12ec0b0 .event anyedge, v000001e1c12d6b40_0;
S_000001e1c12adaf0 .scope module, "unit" "BCD" 5 13, 6 1 0, S_000001e1c12b37c0;
 .timescale 0 0;
    .port_info 0 /INPUT 4 "BCD_in";
    .port_info 1 /OUTPUT 7 "BCD_out";
v000001e1c1341d60_0 .net "BCD_in", 3 0, L_000001e1c1351b60;  alias, 1 drivers
v000001e1c1342bc0_0 .var "BCD_out", 0 6;
E_000001e1c12ec770 .event anyedge, v000001e1c1341d60_0;
S_000001e1c12c2030 .scope module, "u_clk_div" "clk_divide" 3 14, 7 1 0, S_000001e1c12bf3b0;
 .timescale 0 0;
    .port_info 0 /INPUT 1 "clk";
    .port_info 1 /INPUT 1 "rst";
    .port_info 2 /OUTPUT 1 "clk_div";
P_000001e1c12b9670 .param/l "CLK_FREQ" 0 7 3, +C4<00000010111110101111000010000000>;
P_000001e1c12b96a8 .param/l "FREQ" 0 7 2, +C4<00000000000000000000000000000101>;
P_000001e1c12b96e0 .param/l "constantnum" 1 7 12, +C4<0000000000000000000000000000000000000000010011000100101101000000>;
v000001e1c1343840_0 .net "clk", 0 0, v000001e1c1345480_0;  alias, 1 drivers
v000001e1c1342800_0 .var "clk_div", 0 0;
v000001e1c13438e0_0 .var "count", 31 0;
v000001e1c1343b60_0 .net "rst", 0 0, v000001e1c1344a80_0;  alias, 1 drivers
E_000001e1c12ec430 .event posedge, v000001e1c12d6280_0, v000001e1c1343840_0;
S_000001e1c12bf220 .scope module, "main_w" "main_w" 8 1;
 .timescale 0 0;
    .port_info 0 /INPUT 2 "KEY";
    .port_info 1 /INPUT 1 "MAX10_CLK1_50";
    .port_info 2 /INPUT 10 "SW";
    .port_info 3 /OUTPUT 7 "HEX0";
    .port_info 4 /OUTPUT 7 "HEX1";
    .port_info 5 /OUTPUT 7 "HEX2";
    .port_info 6 /OUTPUT 7 "HEX3";
L_000001e1c12def80 .functor NOT 1, L_000001e1c13b9ef0, C4<0>, C4<0>, C4<0>;
v000001e1c1351840_0 .net "HEX0", 0 6, v000001e1c1344e40_0;  1 drivers
v000001e1c1352100_0 .net "HEX1", 0 6, v000001e1c1345fc0_0;  1 drivers
v000001e1c1351520_0 .net "HEX2", 0 6, v000001e1c1345e80_0;  1 drivers
v000001e1c1350b20_0 .net "HEX3", 0 6, v000001e1c1344da0_0;  1 drivers
o000001e1c12f26d8 .functor BUFZ 2, c4<zz>; HiZ drive
v000001e1c13518e0_0 .net "KEY", 1 0, o000001e1c12f26d8;  0 drivers
o000001e1c12f2408 .functor BUFZ 1, c4<z>; HiZ drive
v000001e1c1351980_0 .net "MAX10_CLK1_50", 0 0, o000001e1c12f2408;  0 drivers
o000001e1c12f2708 .functor BUFZ 10, c4<zzzzzzzzzz>; HiZ drive
v000001e1c1350800_0 .net "SW", 9 0, o000001e1c12f2708;  0 drivers
v000001e1c13509e0_0 .net *"_ivl_1", 0 0, L_000001e1c13b9ef0;  1 drivers
L_000001e1c13b9ef0 .part o000001e1c12f26d8, 0, 1;
L_000001e1c13b9270 .part o000001e1c12f2708, 9, 1;
L_000001e1c13b9310 .part o000001e1c12f26d8, 1, 1;
L_000001e1c13b9590 .part o000001e1c12f2708, 0, 7;
S_000001e1c12c21c0 .scope module, "pract3" "main" 8 13, 3 1 0, S_000001e1c12bf220;
 .timescale 0 0;
    .port_info 0 /INPUT 1 "clk";
    .port_info 1 /INPUT 1 "rst";
    .port_info 2 /INPUT 1 "up_down";
    .port_info 3 /INPUT 1 "load";
    .port_info 4 /INPUT 7 "data_in";
    .port_info 5 /OUTPUT 7 "D_un";
    .port_info 6 /OUTPUT 7 "D_de";
    .port_info 7 /OUTPUT 7 "D_ce";
    .port_info 8 /OUTPUT 7 "D_mi";
v000001e1c1351c00_0 .net "D_ce", 0 6, v000001e1c1345e80_0;  alias, 1 drivers
v000001e1c1352240_0 .net "D_de", 0 6, v000001e1c1345fc0_0;  alias, 1 drivers
v000001e1c13510c0_0 .net "D_mi", 0 6, v000001e1c1344da0_0;  alias, 1 drivers
v000001e1c1351700_0 .net "D_un", 0 6, v000001e1c1344e40_0;  alias, 1 drivers
L_000001e1c1360700 .functor BUFT 1, C4<00>, C4<0>, C4<0>, C4<0>;
v000001e1c1352060_0 .net *"_ivl_3", 1 0, L_000001e1c1360700;  1 drivers
v000001e1c1351fc0_0 .net "clk", 0 0, o000001e1c12f2408;  alias, 0 drivers
v000001e1c13517a0_0 .net "clock", 0 0, v000001e1c1351d40_0;  1 drivers
v000001e1c13512a0_0 .net "counter", 7 0, v000001e1c1344f80_0;  1 drivers
v000001e1c1350f80_0 .net "data_in", 6 0, L_000001e1c13b9590;  1 drivers
v000001e1c1350940_0 .net "load", 0 0, L_000001e1c13b9310;  1 drivers
v000001e1c1351160_0 .net "rst", 0 0, L_000001e1c12def80;  1 drivers
v000001e1c1351ac0_0 .net "up_down", 0 0, L_000001e1c13b9270;  1 drivers
L_000001e1c13b8d70 .concat [ 8 2 0 0], v000001e1c1344f80_0, L_000001e1c1360700;
S_000001e1c125c710 .scope module, "counter1" "count" 3 20, 4 1 0, S_000001e1c12c21c0;
 .timescale 0 0;
    .port_info 0 /INPUT 1 "clk";
    .port_info 1 /INPUT 1 "rst";
    .port_info 2 /INPUT 1 "up_down";
    .port_info 3 /INPUT 1 "load";
    .port_info 4 /INPUT 7 "data_in";
    .port_info 5 /OUTPUT 8 "counter";
    .port_info 6 /OUTPUT 8 "save";
v000001e1c1346380_0 .net "clk", 0 0, v000001e1c1351d40_0;  alias, 1 drivers
v000001e1c1344f80_0 .var "counter", 7 0;
v000001e1c1346060_0 .net "data_in", 6 0, L_000001e1c13b9590;  alias, 1 drivers
v000001e1c1344d00_0 .net "load", 0 0, L_000001e1c13b9310;  alias, 1 drivers
v000001e1c1344620_0 .net "rst", 0 0, L_000001e1c12def80;  alias, 1 drivers
v000001e1c1346240_0 .var "save", 7 0;
v000001e1c13450c0_0 .net "up_down", 0 0, L_000001e1c13b9270;  alias, 1 drivers
E_000001e1c12ebf30 .event posedge, v000001e1c1344620_0, v000001e1c1346380_0;
S_000001e1c125c8a0 .scope module, "u_4disp" "BCD_4display" 3 26, 5 1 0, S_000001e1c12c21c0;
 .timescale 0 0;
    .port_info 0 /INPUT 10 "bcd_in";
    .port_info 1 /OUTPUT 7 "D_un";
    .port_info 2 /OUTPUT 7 "D_de";
    .port_info 3 /OUTPUT 7 "D_ce";
    .port_info 4 /OUTPUT 7 "D_mi";
P_000001e1c12c2350 .param/l "N_in" 0 5 1, +C4<00000000000000000000000000001010>;
P_000001e1c12c2388 .param/l "N_out" 0 5 1, +C4<00000000000000000000000000000111>;
v000001e1c13453e0_0 .net "D_ce", 6 0, v000001e1c1345e80_0;  alias, 1 drivers
v000001e1c1345a20_0 .net "D_de", 6 0, v000001e1c1345fc0_0;  alias, 1 drivers
v000001e1c13448a0_0 .net "D_mi", 6 0, v000001e1c1344da0_0;  alias, 1 drivers
v000001e1c1345160_0 .net "D_un", 6 0, v000001e1c1344e40_0;  alias, 1 drivers
v000001e1c1344b20_0 .net *"_ivl_0", 31 0, L_000001e1c1350da0;  1 drivers
v000001e1c13462e0_0 .net *"_ivl_10", 31 0, L_000001e1c1351e80;  1 drivers
L_000001e1c1360478 .functor BUFT 1, C4<0000000000000000000000>, C4<0>, C4<0>, C4<0>;
v000001e1c13444e0_0 .net *"_ivl_13", 21 0, L_000001e1c1360478;  1 drivers
L_000001e1c13604c0 .functor BUFT 1, C4<00000000000000000000000000001010>, C4<0>, C4<0>, C4<0>;
v000001e1c13458e0_0 .net/2u *"_ivl_14", 31 0, L_000001e1c13604c0;  1 drivers
v000001e1c1344800_0 .net *"_ivl_16", 31 0, L_000001e1c1350760;  1 drivers
L_000001e1c1360508 .functor BUFT 1, C4<00000000000000000000000000001010>, C4<0>, C4<0>, C4<0>;
v000001e1c1345840_0 .net/2u *"_ivl_18", 31 0, L_000001e1c1360508;  1 drivers
v000001e1c1346100_0 .net *"_ivl_20", 31 0, L_000001e1c13b8f50;  1 drivers
v000001e1c13455c0_0 .net *"_ivl_24", 31 0, L_000001e1c13b8cd0;  1 drivers
L_000001e1c1360550 .functor BUFT 1, C4<0000000000000000000000>, C4<0>, C4<0>, C4<0>;
v000001e1c1345340_0 .net *"_ivl_27", 21 0, L_000001e1c1360550;  1 drivers
L_000001e1c1360598 .functor BUFT 1, C4<00000000000000000000000001100100>, C4<0>, C4<0>, C4<0>;
v000001e1c1344940_0 .net/2u *"_ivl_28", 31 0, L_000001e1c1360598;  1 drivers
L_000001e1c13603e8 .functor BUFT 1, C4<0000000000000000000000>, C4<0>, C4<0>, C4<0>;
v000001e1c1345980_0 .net *"_ivl_3", 21 0, L_000001e1c13603e8;  1 drivers
v000001e1c13449e0_0 .net *"_ivl_30", 31 0, L_000001e1c13b8870;  1 drivers
L_000001e1c13605e0 .functor BUFT 1, C4<00000000000000000000000000001010>, C4<0>, C4<0>, C4<0>;
v000001e1c1345520_0 .net/2u *"_ivl_32", 31 0, L_000001e1c13605e0;  1 drivers
v000001e1c13446c0_0 .net *"_ivl_34", 31 0, L_000001e1c13b9bd0;  1 drivers
v000001e1c13457a0_0 .net *"_ivl_38", 31 0, L_000001e1c13b9450;  1 drivers
L_000001e1c1360430 .functor BUFT 1, C4<00000000000000000000000000001010>, C4<0>, C4<0>, C4<0>;
v000001e1c13461a0_0 .net/2u *"_ivl_4", 31 0, L_000001e1c1360430;  1 drivers
L_000001e1c1360628 .functor BUFT 1, C4<0000000000000000000000>, C4<0>, C4<0>, C4<0>;
v000001e1c1345ac0_0 .net *"_ivl_41", 21 0, L_000001e1c1360628;  1 drivers
L_000001e1c1360670 .functor BUFT 1, C4<00000000000000000000001111101000>, C4<0>, C4<0>, C4<0>;
v000001e1c1345b60_0 .net/2u *"_ivl_42", 31 0, L_000001e1c1360670;  1 drivers
v000001e1c1345ca0_0 .net *"_ivl_44", 31 0, L_000001e1c13b9a90;  1 drivers
L_000001e1c13606b8 .functor BUFT 1, C4<00000000000000000000000000001010>, C4<0>, C4<0>, C4<0>;
v000001e1c1345f20_0 .net/2u *"_ivl_46", 31 0, L_000001e1c13606b8;  1 drivers
v000001e1c1345d40_0 .net *"_ivl_48", 31 0, L_000001e1c13b9090;  1 drivers
v000001e1c1344760_0 .net *"_ivl_6", 31 0, L_000001e1c1350e40;  1 drivers
v000001e1c1350ee0_0 .net "bcd_in", 9 0, L_000001e1c13b8d70;  1 drivers
v000001e1c1351f20_0 .net "centenas", 3 0, L_000001e1c13b91d0;  1 drivers
v000001e1c13521a0_0 .net "decenas", 3 0, L_000001e1c13b85f0;  1 drivers
v000001e1c1351480_0 .net "milares", 3 0, L_000001e1c13b94f0;  1 drivers
v000001e1c1350bc0_0 .net "unidades", 3 0, L_000001e1c1351de0;  1 drivers
L_000001e1c1350da0 .concat [ 10 22 0 0], L_000001e1c13b8d70, L_000001e1c13603e8;
L_000001e1c1350e40 .arith/mod 32, L_000001e1c1350da0, L_000001e1c1360430;
L_000001e1c1351de0 .part L_000001e1c1350e40, 0, 4;
L_000001e1c1351e80 .concat [ 10 22 0 0], L_000001e1c13b8d70, L_000001e1c1360478;
L_000001e1c1350760 .arith/div 32, L_000001e1c1351e80, L_000001e1c13604c0;
L_000001e1c13b8f50 .arith/mod 32, L_000001e1c1350760, L_000001e1c1360508;
L_000001e1c13b85f0 .part L_000001e1c13b8f50, 0, 4;
L_000001e1c13b8cd0 .concat [ 10 22 0 0], L_000001e1c13b8d70, L_000001e1c1360550;
L_000001e1c13b8870 .arith/div 32, L_000001e1c13b8cd0, L_000001e1c1360598;
L_000001e1c13b9bd0 .arith/mod 32, L_000001e1c13b8870, L_000001e1c13605e0;
L_000001e1c13b91d0 .part L_000001e1c13b9bd0, 0, 4;
L_000001e1c13b9450 .concat [ 10 22 0 0], L_000001e1c13b8d70, L_000001e1c1360628;
L_000001e1c13b9a90 .arith/div 32, L_000001e1c13b9450, L_000001e1c1360670;
L_000001e1c13b9090 .arith/mod 32, L_000001e1c13b9a90, L_000001e1c13606b8;
L_000001e1c13b94f0 .part L_000001e1c13b9090, 0, 4;
S_000001e1c125ca30 .scope module, "centens" "BCD" 5 23, 6 1 0, S_000001e1c125c8a0;
 .timescale 0 0;
    .port_info 0 /INPUT 4 "BCD_in";
    .port_info 1 /OUTPUT 7 "BCD_out";
v000001e1c1345660_0 .net "BCD_in", 3 0, L_000001e1c13b91d0;  alias, 1 drivers
v000001e1c1345e80_0 .var "BCD_out", 0 6;
E_000001e1c12ec370 .event anyedge, v000001e1c1345660_0;
S_000001e1c1276100 .scope module, "decens" "BCD" 5 18, 6 1 0, S_000001e1c125c8a0;
 .timescale 0 0;
    .port_info 0 /INPUT 4 "BCD_in";
    .port_info 1 /OUTPUT 7 "BCD_out";
v000001e1c1345c00_0 .net "BCD_in", 3 0, L_000001e1c13b85f0;  alias, 1 drivers
v000001e1c1345fc0_0 .var "BCD_out", 0 6;
E_000001e1c12ebc70 .event anyedge, v000001e1c1345c00_0;
S_000001e1c1276290 .scope module, "milars" "BCD" 5 28, 6 1 0, S_000001e1c125c8a0;
 .timescale 0 0;
    .port_info 0 /INPUT 4 "BCD_in";
    .port_info 1 /OUTPUT 7 "BCD_out";
v000001e1c1345700_0 .net "BCD_in", 3 0, L_000001e1c13b94f0;  alias, 1 drivers
v000001e1c1344da0_0 .var "BCD_out", 0 6;
E_000001e1c12ebcf0 .event anyedge, v000001e1c1345700_0;
S_000001e1c1276420 .scope module, "unit" "BCD" 5 13, 6 1 0, S_000001e1c125c8a0;
 .timescale 0 0;
    .port_info 0 /INPUT 4 "BCD_in";
    .port_info 1 /OUTPUT 7 "BCD_out";
v000001e1c1345de0_0 .net "BCD_in", 3 0, L_000001e1c1351de0;  alias, 1 drivers
v000001e1c1344e40_0 .var "BCD_out", 0 6;
E_000001e1c12ec730 .event anyedge, v000001e1c1345de0_0;
S_000001e1c1352950 .scope module, "u_clk_div" "clk_divide" 3 14, 7 1 0, S_000001e1c12c21c0;
 .timescale 0 0;
    .port_info 0 /INPUT 1 "clk";
    .port_info 1 /INPUT 1 "rst";
    .port_info 2 /OUTPUT 1 "clk_div";
P_000001e1c13535f0 .param/l "CLK_FREQ" 0 7 3, +C4<00000010111110101111000010000000>;
P_000001e1c1353628 .param/l "FREQ" 0 7 2, +C4<00000000000000000000000000000101>;
P_000001e1c1353660 .param/l "constantnum" 1 7 12, +C4<0000000000000000000000000000000000000000010011000100101101000000>;
v000001e1c13508a0_0 .net "clk", 0 0, o000001e1c12f2408;  alias, 0 drivers
v000001e1c1351d40_0 .var "clk_div", 0 0;
v000001e1c1352420_0 .var "count", 31 0;
v000001e1c1351200_0 .net "rst", 0 0, L_000001e1c12def80;  alias, 1 drivers
E_000001e1c12ec870 .event posedge, v000001e1c1344620_0, v000001e1c13508a0_0;
    .scope S_000001e1c12c2030;
T_0 ;
    %wait E_000001e1c12ec430;
    %load/vec4 v000001e1c1343b60_0;
    %pad/u 32;
    %cmpi/e 1, 0, 32;
    %jmp/0xz  T_0.0, 4;
    %pushi/vec4 0, 0, 32;
    %assign/vec4 v000001e1c13438e0_0, 0;
    %jmp T_0.1;
T_0.0 ;
    %load/vec4 v000001e1c13438e0_0;
    %pad/u 64;
    %cmpi/e 4999999, 0, 64;
    %jmp/0xz  T_0.2, 4;
    %pushi/vec4 0, 0, 32;
    %assign/vec4 v000001e1c13438e0_0, 0;
    %jmp T_0.3;
T_0.2 ;
    %load/vec4 v000001e1c13438e0_0;
    %addi 1, 0, 32;
    %assign/vec4 v000001e1c13438e0_0, 0;
T_0.3 ;
T_0.1 ;
    %jmp T_0;
    .thread T_0;
    .scope S_000001e1c12c2030;
T_1 ;
    %wait E_000001e1c12ec430;
    %load/vec4 v000001e1c1343b60_0;
    %pad/u 32;
    %cmpi/e 1, 0, 32;
    %jmp/0xz  T_1.0, 4;
    %pushi/vec4 0, 0, 1;
    %assign/vec4 v000001e1c1342800_0, 0;
    %jmp T_1.1;
T_1.0 ;
    %load/vec4 v000001e1c13438e0_0;
    %pad/u 64;
    %cmpi/e 4999999, 0, 64;
    %jmp/0xz  T_1.2, 4;
    %load/vec4 v000001e1c1342800_0;
    %inv;
    %assign/vec4 v000001e1c1342800_0, 0;
    %jmp T_1.3;
T_1.2 ;
    %load/vec4 v000001e1c1342800_0;
    %assign/vec4 v000001e1c1342800_0, 0;
T_1.3 ;
T_1.1 ;
    %jmp T_1;
    .thread T_1;
    .scope S_000001e1c12b3630;
T_2 ;
    %wait E_000001e1c12ec1f0;
    %load/vec4 v000001e1c12d6280_0;
    %flag_set/vec4 8;
    %jmp/0xz  T_2.0, 8;
    %pushi/vec4 0, 0, 8;
    %assign/vec4 v000001e1c12d7e00_0, 0;
    %jmp T_2.1;
T_2.0 ;
    %load/vec4 v000001e1c12d8080_0;
    %pad/u 32;
    %cmpi/e 0, 0, 32;
    %flag_get/vec4 4;
    %jmp/0 T_2.4, 4;
    %load/vec4 v000001e1c12d65a0_0;
    %pad/u 32;
    %pushi/vec4 1, 0, 32;
    %cmp/e;
    %flag_get/vec4 4;
    %and;
T_2.4;
    %flag_set/vec4 8;
    %jmp/0xz  T_2.2, 8;
    %load/vec4 v000001e1c12d7e00_0;
    %assign/vec4 v000001e1c12d6500_0, 0;
    %load/vec4 v000001e1c12d6500_0;
    %assign/vec4 v000001e1c12d7e00_0, 0;
    %jmp T_2.3;
T_2.2 ;
    %load/vec4 v000001e1c12d8080_0;
    %pad/u 32;
    %cmpi/e 0, 0, 32;
    %jmp/0xz  T_2.5, 4;
    %load/vec4 v000001e1c12d6500_0;
    %assign/vec4 v000001e1c12d7e00_0, 0;
    %jmp T_2.6;
T_2.5 ;
    %load/vec4 v000001e1c12d6780_0;
    %pad/u 32;
    %cmpi/e 1, 0, 32;
    %jmp/0xz  T_2.7, 4;
    %load/vec4 v000001e1c12d7e00_0;
    %pad/u 32;
    %cmpi/u 0, 0, 32;
    %flag_or 5, 4;
    %jmp/0xz  T_2.9, 5;
    %pushi/vec4 100, 0, 8;
    %assign/vec4 v000001e1c12d7e00_0, 0;
    %jmp T_2.10;
T_2.9 ;
    %load/vec4 v000001e1c12d7e00_0;
    %subi 1, 0, 8;
    %assign/vec4 v000001e1c12d7e00_0, 0;
T_2.10 ;
    %jmp T_2.8;
T_2.7 ;
    %load/vec4 v000001e1c12d7e00_0;
    %pad/u 32;
    %cmpi/e 100, 0, 32;
    %jmp/0xz  T_2.11, 4;
    %pushi/vec4 0, 0, 8;
    %assign/vec4 v000001e1c12d7e00_0, 0;
    %jmp T_2.12;
T_2.11 ;
    %load/vec4 v000001e1c12d7e00_0;
    %addi 1, 0, 8;
    %assign/vec4 v000001e1c12d7e00_0, 0;
T_2.12 ;
T_2.8 ;
T_2.6 ;
T_2.3 ;
T_2.1 ;
    %jmp T_2;
    .thread T_2;
    .scope S_000001e1c12adaf0;
T_3 ;
    %wait E_000001e1c12ec770;
    %load/vec4 v000001e1c1341d60_0;
    %dup/vec4;
    %pushi/vec4 0, 0, 4;
    %cmp/u;
    %jmp/1 T_3.0, 6;
    %dup/vec4;
    %pushi/vec4 1, 0, 4;
    %cmp/u;
    %jmp/1 T_3.1, 6;
    %dup/vec4;
    %pushi/vec4 2, 0, 4;
    %cmp/u;
    %jmp/1 T_3.2, 6;
    %dup/vec4;
    %pushi/vec4 3, 0, 4;
    %cmp/u;
    %jmp/1 T_3.3, 6;
    %dup/vec4;
    %pushi/vec4 4, 0, 4;
    %cmp/u;
    %jmp/1 T_3.4, 6;
    %dup/vec4;
    %pushi/vec4 5, 0, 4;
    %cmp/u;
    %jmp/1 T_3.5, 6;
    %dup/vec4;
    %pushi/vec4 6, 0, 4;
    %cmp/u;
    %jmp/1 T_3.6, 6;
    %dup/vec4;
    %pushi/vec4 7, 0, 4;
    %cmp/u;
    %jmp/1 T_3.7, 6;
    %dup/vec4;
    %pushi/vec4 8, 0, 4;
    %cmp/u;
    %jmp/1 T_3.8, 6;
    %dup/vec4;
    %pushi/vec4 9, 0, 4;
    %cmp/u;
    %jmp/1 T_3.9, 6;
    %dup/vec4;
    %pushi/vec4 10, 0, 4;
    %cmp/u;
    %jmp/1 T_3.10, 6;
    %pushi/vec4 127, 0, 7;
    %store/vec4 v000001e1c1342bc0_0, 0, 7;
    %jmp T_3.12;
T_3.0 ;
    %pushi/vec4 1, 0, 7;
    %store/vec4 v000001e1c1342bc0_0, 0, 7;
    %jmp T_3.12;
T_3.1 ;
    %pushi/vec4 79, 0, 7;
    %store/vec4 v000001e1c1342bc0_0, 0, 7;
    %jmp T_3.12;
T_3.2 ;
    %pushi/vec4 18, 0, 7;
    %store/vec4 v000001e1c1342bc0_0, 0, 7;
    %jmp T_3.12;
T_3.3 ;
    %pushi/vec4 6, 0, 7;
    %store/vec4 v000001e1c1342bc0_0, 0, 7;
    %jmp T_3.12;
T_3.4 ;
    %pushi/vec4 76, 0, 7;
    %store/vec4 v000001e1c1342bc0_0, 0, 7;
    %jmp T_3.12;
T_3.5 ;
    %pushi/vec4 36, 0, 7;
    %store/vec4 v000001e1c1342bc0_0, 0, 7;
    %jmp T_3.12;
T_3.6 ;
    %pushi/vec4 32, 0, 7;
    %store/vec4 v000001e1c1342bc0_0, 0, 7;
    %jmp T_3.12;
T_3.7 ;
    %pushi/vec4 15, 0, 7;
    %store/vec4 v000001e1c1342bc0_0, 0, 7;
    %jmp T_3.12;
T_3.8 ;
    %pushi/vec4 0, 0, 7;
    %store/vec4 v000001e1c1342bc0_0, 0, 7;
    %jmp T_3.12;
T_3.9 ;
    %pushi/vec4 4, 0, 7;
    %store/vec4 v000001e1c1342bc0_0, 0, 7;
    %jmp T_3.12;
T_3.10 ;
    %pushi/vec4 127, 0, 7;
    %store/vec4 v000001e1c1342bc0_0, 0, 7;
    %jmp T_3.12;
T_3.12 ;
    %pop/vec4 1;
    %jmp T_3;
    .thread T_3, $push;
    .scope S_000001e1c12ad7d0;
T_4 ;
    %wait E_000001e1c12ec8f0;
    %load/vec4 v000001e1c12d68c0_0;
    %dup/vec4;
    %pushi/vec4 0, 0, 4;
    %cmp/u;
    %jmp/1 T_4.0, 6;
    %dup/vec4;
    %pushi/vec4 1, 0, 4;
    %cmp/u;
    %jmp/1 T_4.1, 6;
    %dup/vec4;
    %pushi/vec4 2, 0, 4;
    %cmp/u;
    %jmp/1 T_4.2, 6;
    %dup/vec4;
    %pushi/vec4 3, 0, 4;
    %cmp/u;
    %jmp/1 T_4.3, 6;
    %dup/vec4;
    %pushi/vec4 4, 0, 4;
    %cmp/u;
    %jmp/1 T_4.4, 6;
    %dup/vec4;
    %pushi/vec4 5, 0, 4;
    %cmp/u;
    %jmp/1 T_4.5, 6;
    %dup/vec4;
    %pushi/vec4 6, 0, 4;
    %cmp/u;
    %jmp/1 T_4.6, 6;
    %dup/vec4;
    %pushi/vec4 7, 0, 4;
    %cmp/u;
    %jmp/1 T_4.7, 6;
    %dup/vec4;
    %pushi/vec4 8, 0, 4;
    %cmp/u;
    %jmp/1 T_4.8, 6;
    %dup/vec4;
    %pushi/vec4 9, 0, 4;
    %cmp/u;
    %jmp/1 T_4.9, 6;
    %dup/vec4;
    %pushi/vec4 10, 0, 4;
    %cmp/u;
    %jmp/1 T_4.10, 6;
    %pushi/vec4 127, 0, 7;
    %store/vec4 v000001e1c12d6960_0, 0, 7;
    %jmp T_4.12;
T_4.0 ;
    %pushi/vec4 1, 0, 7;
    %store/vec4 v000001e1c12d6960_0, 0, 7;
    %jmp T_4.12;
T_4.1 ;
    %pushi/vec4 79, 0, 7;
    %store/vec4 v000001e1c12d6960_0, 0, 7;
    %jmp T_4.12;
T_4.2 ;
    %pushi/vec4 18, 0, 7;
    %store/vec4 v000001e1c12d6960_0, 0, 7;
    %jmp T_4.12;
T_4.3 ;
    %pushi/vec4 6, 0, 7;
    %store/vec4 v000001e1c12d6960_0, 0, 7;
    %jmp T_4.12;
T_4.4 ;
    %pushi/vec4 76, 0, 7;
    %store/vec4 v000001e1c12d6960_0, 0, 7;
    %jmp T_4.12;
T_4.5 ;
    %pushi/vec4 36, 0, 7;
    %store/vec4 v000001e1c12d6960_0, 0, 7;
    %jmp T_4.12;
T_4.6 ;
    %pushi/vec4 32, 0, 7;
    %store/vec4 v000001e1c12d6960_0, 0, 7;
    %jmp T_4.12;
T_4.7 ;
    %pushi/vec4 15, 0, 7;
    %store/vec4 v000001e1c12d6960_0, 0, 7;
    %jmp T_4.12;
T_4.8 ;
    %pushi/vec4 0, 0, 7;
    %store/vec4 v000001e1c12d6960_0, 0, 7;
    %jmp T_4.12;
T_4.9 ;
    %pushi/vec4 4, 0, 7;
    %store/vec4 v000001e1c12d6960_0, 0, 7;
    %jmp T_4.12;
T_4.10 ;
    %pushi/vec4 127, 0, 7;
    %store/vec4 v000001e1c12d6960_0, 0, 7;
    %jmp T_4.12;
T_4.12 ;
    %pop/vec4 1;
    %jmp T_4;
    .thread T_4, $push;
    .scope S_000001e1c12b3950;
T_5 ;
    %wait E_000001e1c12ebef0;
    %load/vec4 v000001e1c12d6a00_0;
    %dup/vec4;
    %pushi/vec4 0, 0, 4;
    %cmp/u;
    %jmp/1 T_5.0, 6;
    %dup/vec4;
    %pushi/vec4 1, 0, 4;
    %cmp/u;
    %jmp/1 T_5.1, 6;
    %dup/vec4;
    %pushi/vec4 2, 0, 4;
    %cmp/u;
    %jmp/1 T_5.2, 6;
    %dup/vec4;
    %pushi/vec4 3, 0, 4;
    %cmp/u;
    %jmp/1 T_5.3, 6;
    %dup/vec4;
    %pushi/vec4 4, 0, 4;
    %cmp/u;
    %jmp/1 T_5.4, 6;
    %dup/vec4;
    %pushi/vec4 5, 0, 4;
    %cmp/u;
    %jmp/1 T_5.5, 6;
    %dup/vec4;
    %pushi/vec4 6, 0, 4;
    %cmp/u;
    %jmp/1 T_5.6, 6;
    %dup/vec4;
    %pushi/vec4 7, 0, 4;
    %cmp/u;
    %jmp/1 T_5.7, 6;
    %dup/vec4;
    %pushi/vec4 8, 0, 4;
    %cmp/u;
    %jmp/1 T_5.8, 6;
    %dup/vec4;
    %pushi/vec4 9, 0, 4;
    %cmp/u;
    %jmp/1 T_5.9, 6;
    %dup/vec4;
    %pushi/vec4 10, 0, 4;
    %cmp/u;
    %jmp/1 T_5.10, 6;
    %pushi/vec4 127, 0, 7;
    %store/vec4 v000001e1c12d6820_0, 0, 7;
    %jmp T_5.12;
T_5.0 ;
    %pushi/vec4 1, 0, 7;
    %store/vec4 v000001e1c12d6820_0, 0, 7;
    %jmp T_5.12;
T_5.1 ;
    %pushi/vec4 79, 0, 7;
    %store/vec4 v000001e1c12d6820_0, 0, 7;
    %jmp T_5.12;
T_5.2 ;
    %pushi/vec4 18, 0, 7;
    %store/vec4 v000001e1c12d6820_0, 0, 7;
    %jmp T_5.12;
T_5.3 ;
    %pushi/vec4 6, 0, 7;
    %store/vec4 v000001e1c12d6820_0, 0, 7;
    %jmp T_5.12;
T_5.4 ;
    %pushi/vec4 76, 0, 7;
    %store/vec4 v000001e1c12d6820_0, 0, 7;
    %jmp T_5.12;
T_5.5 ;
    %pushi/vec4 36, 0, 7;
    %store/vec4 v000001e1c12d6820_0, 0, 7;
    %jmp T_5.12;
T_5.6 ;
    %pushi/vec4 32, 0, 7;
    %store/vec4 v000001e1c12d6820_0, 0, 7;
    %jmp T_5.12;
T_5.7 ;
    %pushi/vec4 15, 0, 7;
    %store/vec4 v000001e1c12d6820_0, 0, 7;
    %jmp T_5.12;
T_5.8 ;
    %pushi/vec4 0, 0, 7;
    %store/vec4 v000001e1c12d6820_0, 0, 7;
    %jmp T_5.12;
T_5.9 ;
    %pushi/vec4 4, 0, 7;
    %store/vec4 v000001e1c12d6820_0, 0, 7;
    %jmp T_5.12;
T_5.10 ;
    %pushi/vec4 127, 0, 7;
    %store/vec4 v000001e1c12d6820_0, 0, 7;
    %jmp T_5.12;
T_5.12 ;
    %pop/vec4 1;
    %jmp T_5;
    .thread T_5, $push;
    .scope S_000001e1c12ad960;
T_6 ;
    %wait E_000001e1c12ec0b0;
    %load/vec4 v000001e1c12d6b40_0;
    %dup/vec4;
    %pushi/vec4 0, 0, 4;
    %cmp/u;
    %jmp/1 T_6.0, 6;
    %dup/vec4;
    %pushi/vec4 1, 0, 4;
    %cmp/u;
    %jmp/1 T_6.1, 6;
    %dup/vec4;
    %pushi/vec4 2, 0, 4;
    %cmp/u;
    %jmp/1 T_6.2, 6;
    %dup/vec4;
    %pushi/vec4 3, 0, 4;
    %cmp/u;
    %jmp/1 T_6.3, 6;
    %dup/vec4;
    %pushi/vec4 4, 0, 4;
    %cmp/u;
    %jmp/1 T_6.4, 6;
    %dup/vec4;
    %pushi/vec4 5, 0, 4;
    %cmp/u;
    %jmp/1 T_6.5, 6;
    %dup/vec4;
    %pushi/vec4 6, 0, 4;
    %cmp/u;
    %jmp/1 T_6.6, 6;
    %dup/vec4;
    %pushi/vec4 7, 0, 4;
    %cmp/u;
    %jmp/1 T_6.7, 6;
    %dup/vec4;
    %pushi/vec4 8, 0, 4;
    %cmp/u;
    %jmp/1 T_6.8, 6;
    %dup/vec4;
    %pushi/vec4 9, 0, 4;
    %cmp/u;
    %jmp/1 T_6.9, 6;
    %dup/vec4;
    %pushi/vec4 10, 0, 4;
    %cmp/u;
    %jmp/1 T_6.10, 6;
    %pushi/vec4 127, 0, 7;
    %store/vec4 v000001e1c1343020_0, 0, 7;
    %jmp T_6.12;
T_6.0 ;
    %pushi/vec4 1, 0, 7;
    %store/vec4 v000001e1c1343020_0, 0, 7;
    %jmp T_6.12;
T_6.1 ;
    %pushi/vec4 79, 0, 7;
    %store/vec4 v000001e1c1343020_0, 0, 7;
    %jmp T_6.12;
T_6.2 ;
    %pushi/vec4 18, 0, 7;
    %store/vec4 v000001e1c1343020_0, 0, 7;
    %jmp T_6.12;
T_6.3 ;
    %pushi/vec4 6, 0, 7;
    %store/vec4 v000001e1c1343020_0, 0, 7;
    %jmp T_6.12;
T_6.4 ;
    %pushi/vec4 76, 0, 7;
    %store/vec4 v000001e1c1343020_0, 0, 7;
    %jmp T_6.12;
T_6.5 ;
    %pushi/vec4 36, 0, 7;
    %store/vec4 v000001e1c1343020_0, 0, 7;
    %jmp T_6.12;
T_6.6 ;
    %pushi/vec4 32, 0, 7;
    %store/vec4 v000001e1c1343020_0, 0, 7;
    %jmp T_6.12;
T_6.7 ;
    %pushi/vec4 15, 0, 7;
    %store/vec4 v000001e1c1343020_0, 0, 7;
    %jmp T_6.12;
T_6.8 ;
    %pushi/vec4 0, 0, 7;
    %store/vec4 v000001e1c1343020_0, 0, 7;
    %jmp T_6.12;
T_6.9 ;
    %pushi/vec4 4, 0, 7;
    %store/vec4 v000001e1c1343020_0, 0, 7;
    %jmp T_6.12;
T_6.10 ;
    %pushi/vec4 127, 0, 7;
    %store/vec4 v000001e1c1343020_0, 0, 7;
    %jmp T_6.12;
T_6.12 ;
    %pop/vec4 1;
    %jmp T_6;
    .thread T_6, $push;
    .scope S_000001e1c12bf090;
T_7 ;
    %pushi/vec4 0, 0, 1;
    %store/vec4 v000001e1c1345480_0, 0, 1;
T_7.0 ;
    %delay 5, 0;
    %load/vec4 v000001e1c1345480_0;
    %inv;
    %store/vec4 v000001e1c1345480_0, 0, 1;
    %jmp T_7.0;
T_7.1 ;
    %end;
    .thread T_7;
    .scope S_000001e1c12bf090;
T_8 ;
    %vpi_call 2 34 "$dumpfile", "main_tb.vcd" {0 0 0};
    %vpi_call 2 35 "$dumpvars", 32'sb00000000000000000000000000000000, S_000001e1c12bf090 {0 0 0};
    %pushi/vec4 1, 0, 1;
    %store/vec4 v000001e1c1344a80_0, 0, 1;
    %pushi/vec4 0, 0, 1;
    %store/vec4 v000001e1c1344ee0_0, 0, 1;
    %pushi/vec4 1, 0, 1;
    %store/vec4 v000001e1c1344c60_0, 0, 1;
    %pushi/vec4 0, 0, 7;
    %store/vec4 v000001e1c1345020_0, 0, 7;
    %delay 100, 0;
    %pushi/vec4 0, 0, 1;
    %store/vec4 v000001e1c1344a80_0, 0, 1;
    %vpi_call 2 46 "$display", "Counting Up..." {0 0 0};
    %delay 1000, 0;
    %vpi_call 2 49 "$display", "Switching to Count Down..." {0 0 0};
    %pushi/vec4 1, 0, 1;
    %store/vec4 v000001e1c1344ee0_0, 0, 1;
    %delay 1000, 0;
    %vpi_call 2 55 "$display", "Testing Save functionality..." {0 0 0};
    %pushi/vec4 0, 0, 1;
    %store/vec4 v000001e1c1344c60_0, 0, 1;
    %pushi/vec4 1, 0, 7;
    %store/vec4 v000001e1c1345020_0, 0, 7;
    %delay 50, 0;
    %pushi/vec4 1, 0, 1;
    %store/vec4 v000001e1c1344c60_0, 0, 1;
    %pushi/vec4 0, 0, 7;
    %store/vec4 v000001e1c1345020_0, 0, 7;
    %vpi_call 2 62 "$display", "Counting further..." {0 0 0};
    %delay 500, 0;
    %vpi_call 2 67 "$display", "Testing Load functionality (Restoring saved value)..." {0 0 0};
    %pushi/vec4 0, 0, 1;
    %store/vec4 v000001e1c1344c60_0, 0, 1;
    %pushi/vec4 0, 0, 7;
    %store/vec4 v000001e1c1345020_0, 0, 7;
    %delay 50, 0;
    %pushi/vec4 1, 0, 1;
    %store/vec4 v000001e1c1344c60_0, 0, 1;
    %delay 500, 0;
    %vpi_call 2 74 "$finish" {0 0 0};
    %end;
    .thread T_8;
    .scope S_000001e1c12bf090;
T_9 ;
    %vpi_call 2 78 "$monitor", "data_in = %b,load = %b", v000001e1c1345020_0, v000001e1c1344c60_0 {0 0 0};
    %end;
    .thread T_9;
    .scope S_000001e1c12bf090;
T_10 ;
    %vpi_call 2 82 "$dumpfile", "main_tb.vcd" {0 0 0};
    %vpi_call 2 83 "$dumpvars", 32'sb00000000000000000000000000000000, S_000001e1c12bf090 {0 0 0};
    %end;
    .thread T_10;
    .scope S_000001e1c1352950;
T_11 ;
    %wait E_000001e1c12ec870;
    %load/vec4 v000001e1c1351200_0;
    %pad/u 32;
    %cmpi/e 1, 0, 32;
    %jmp/0xz  T_11.0, 4;
    %pushi/vec4 0, 0, 32;
    %assign/vec4 v000001e1c1352420_0, 0;
    %jmp T_11.1;
T_11.0 ;
    %load/vec4 v000001e1c1352420_0;
    %pad/u 64;
    %cmpi/e 4999999, 0, 64;
    %jmp/0xz  T_11.2, 4;
    %pushi/vec4 0, 0, 32;
    %assign/vec4 v000001e1c1352420_0, 0;
    %jmp T_11.3;
T_11.2 ;
    %load/vec4 v000001e1c1352420_0;
    %addi 1, 0, 32;
    %assign/vec4 v000001e1c1352420_0, 0;
T_11.3 ;
T_11.1 ;
    %jmp T_11;
    .thread T_11;
    .scope S_000001e1c1352950;
T_12 ;
    %wait E_000001e1c12ec870;
    %load/vec4 v000001e1c1351200_0;
    %pad/u 32;
    %cmpi/e 1, 0, 32;
    %jmp/0xz  T_12.0, 4;
    %pushi/vec4 0, 0, 1;
    %assign/vec4 v000001e1c1351d40_0, 0;
    %jmp T_12.1;
T_12.0 ;
    %load/vec4 v000001e1c1352420_0;
    %pad/u 64;
    %cmpi/e 4999999, 0, 64;
    %jmp/0xz  T_12.2, 4;
    %load/vec4 v000001e1c1351d40_0;
    %inv;
    %assign/vec4 v000001e1c1351d40_0, 0;
    %jmp T_12.3;
T_12.2 ;
    %load/vec4 v000001e1c1351d40_0;
    %assign/vec4 v000001e1c1351d40_0, 0;
T_12.3 ;
T_12.1 ;
    %jmp T_12;
    .thread T_12;
    .scope S_000001e1c125c710;
T_13 ;
    %wait E_000001e1c12ebf30;
    %load/vec4 v000001e1c1344620_0;
    %flag_set/vec4 8;
    %jmp/0xz  T_13.0, 8;
    %pushi/vec4 0, 0, 8;
    %assign/vec4 v000001e1c1344f80_0, 0;
    %jmp T_13.1;
T_13.0 ;
    %load/vec4 v000001e1c1344d00_0;
    %pad/u 32;
    %cmpi/e 0, 0, 32;
    %flag_get/vec4 4;
    %jmp/0 T_13.4, 4;
    %load/vec4 v000001e1c1346060_0;
    %pad/u 32;
    %pushi/vec4 1, 0, 32;
    %cmp/e;
    %flag_get/vec4 4;
    %and;
T_13.4;
    %flag_set/vec4 8;
    %jmp/0xz  T_13.2, 8;
    %load/vec4 v000001e1c1344f80_0;
    %assign/vec4 v000001e1c1346240_0, 0;
    %load/vec4 v000001e1c1346240_0;
    %assign/vec4 v000001e1c1344f80_0, 0;
    %jmp T_13.3;
T_13.2 ;
    %load/vec4 v000001e1c1344d00_0;
    %pad/u 32;
    %cmpi/e 0, 0, 32;
    %jmp/0xz  T_13.5, 4;
    %load/vec4 v000001e1c1346240_0;
    %assign/vec4 v000001e1c1344f80_0, 0;
    %jmp T_13.6;
T_13.5 ;
    %load/vec4 v000001e1c13450c0_0;
    %pad/u 32;
    %cmpi/e 1, 0, 32;
    %jmp/0xz  T_13.7, 4;
    %load/vec4 v000001e1c1344f80_0;
    %pad/u 32;
    %cmpi/u 0, 0, 32;
    %flag_or 5, 4;
    %jmp/0xz  T_13.9, 5;
    %pushi/vec4 100, 0, 8;
    %assign/vec4 v000001e1c1344f80_0, 0;
    %jmp T_13.10;
T_13.9 ;
    %load/vec4 v000001e1c1344f80_0;
    %subi 1, 0, 8;
    %assign/vec4 v000001e1c1344f80_0, 0;
T_13.10 ;
    %jmp T_13.8;
T_13.7 ;
    %load/vec4 v000001e1c1344f80_0;
    %pad/u 32;
    %cmpi/e 100, 0, 32;
    %jmp/0xz  T_13.11, 4;
    %pushi/vec4 0, 0, 8;
    %assign/vec4 v000001e1c1344f80_0, 0;
    %jmp T_13.12;
T_13.11 ;
    %load/vec4 v000001e1c1344f80_0;
    %addi 1, 0, 8;
    %assign/vec4 v000001e1c1344f80_0, 0;
T_13.12 ;
T_13.8 ;
T_13.6 ;
T_13.3 ;
T_13.1 ;
    %jmp T_13;
    .thread T_13;
    .scope S_000001e1c1276420;
T_14 ;
    %wait E_000001e1c12ec730;
    %load/vec4 v000001e1c1345de0_0;
    %dup/vec4;
    %pushi/vec4 0, 0, 4;
    %cmp/u;
    %jmp/1 T_14.0, 6;
    %dup/vec4;
    %pushi/vec4 1, 0, 4;
    %cmp/u;
    %jmp/1 T_14.1, 6;
    %dup/vec4;
    %pushi/vec4 2, 0, 4;
    %cmp/u;
    %jmp/1 T_14.2, 6;
    %dup/vec4;
    %pushi/vec4 3, 0, 4;
    %cmp/u;
    %jmp/1 T_14.3, 6;
    %dup/vec4;
    %pushi/vec4 4, 0, 4;
    %cmp/u;
    %jmp/1 T_14.4, 6;
    %dup/vec4;
    %pushi/vec4 5, 0, 4;
    %cmp/u;
    %jmp/1 T_14.5, 6;
    %dup/vec4;
    %pushi/vec4 6, 0, 4;
    %cmp/u;
    %jmp/1 T_14.6, 6;
    %dup/vec4;
    %pushi/vec4 7, 0, 4;
    %cmp/u;
    %jmp/1 T_14.7, 6;
    %dup/vec4;
    %pushi/vec4 8, 0, 4;
    %cmp/u;
    %jmp/1 T_14.8, 6;
    %dup/vec4;
    %pushi/vec4 9, 0, 4;
    %cmp/u;
    %jmp/1 T_14.9, 6;
    %dup/vec4;
    %pushi/vec4 10, 0, 4;
    %cmp/u;
    %jmp/1 T_14.10, 6;
    %pushi/vec4 127, 0, 7;
    %store/vec4 v000001e1c1344e40_0, 0, 7;
    %jmp T_14.12;
T_14.0 ;
    %pushi/vec4 1, 0, 7;
    %store/vec4 v000001e1c1344e40_0, 0, 7;
    %jmp T_14.12;
T_14.1 ;
    %pushi/vec4 79, 0, 7;
    %store/vec4 v000001e1c1344e40_0, 0, 7;
    %jmp T_14.12;
T_14.2 ;
    %pushi/vec4 18, 0, 7;
    %store/vec4 v000001e1c1344e40_0, 0, 7;
    %jmp T_14.12;
T_14.3 ;
    %pushi/vec4 6, 0, 7;
    %store/vec4 v000001e1c1344e40_0, 0, 7;
    %jmp T_14.12;
T_14.4 ;
    %pushi/vec4 76, 0, 7;
    %store/vec4 v000001e1c1344e40_0, 0, 7;
    %jmp T_14.12;
T_14.5 ;
    %pushi/vec4 36, 0, 7;
    %store/vec4 v000001e1c1344e40_0, 0, 7;
    %jmp T_14.12;
T_14.6 ;
    %pushi/vec4 32, 0, 7;
    %store/vec4 v000001e1c1344e40_0, 0, 7;
    %jmp T_14.12;
T_14.7 ;
    %pushi/vec4 15, 0, 7;
    %store/vec4 v000001e1c1344e40_0, 0, 7;
    %jmp T_14.12;
T_14.8 ;
    %pushi/vec4 0, 0, 7;
    %store/vec4 v000001e1c1344e40_0, 0, 7;
    %jmp T_14.12;
T_14.9 ;
    %pushi/vec4 4, 0, 7;
    %store/vec4 v000001e1c1344e40_0, 0, 7;
    %jmp T_14.12;
T_14.10 ;
    %pushi/vec4 127, 0, 7;
    %store/vec4 v000001e1c1344e40_0, 0, 7;
    %jmp T_14.12;
T_14.12 ;
    %pop/vec4 1;
    %jmp T_14;
    .thread T_14, $push;
    .scope S_000001e1c1276100;
T_15 ;
    %wait E_000001e1c12ebc70;
    %load/vec4 v000001e1c1345c00_0;
    %dup/vec4;
    %pushi/vec4 0, 0, 4;
    %cmp/u;
    %jmp/1 T_15.0, 6;
    %dup/vec4;
    %pushi/vec4 1, 0, 4;
    %cmp/u;
    %jmp/1 T_15.1, 6;
    %dup/vec4;
    %pushi/vec4 2, 0, 4;
    %cmp/u;
    %jmp/1 T_15.2, 6;
    %dup/vec4;
    %pushi/vec4 3, 0, 4;
    %cmp/u;
    %jmp/1 T_15.3, 6;
    %dup/vec4;
    %pushi/vec4 4, 0, 4;
    %cmp/u;
    %jmp/1 T_15.4, 6;
    %dup/vec4;
    %pushi/vec4 5, 0, 4;
    %cmp/u;
    %jmp/1 T_15.5, 6;
    %dup/vec4;
    %pushi/vec4 6, 0, 4;
    %cmp/u;
    %jmp/1 T_15.6, 6;
    %dup/vec4;
    %pushi/vec4 7, 0, 4;
    %cmp/u;
    %jmp/1 T_15.7, 6;
    %dup/vec4;
    %pushi/vec4 8, 0, 4;
    %cmp/u;
    %jmp/1 T_15.8, 6;
    %dup/vec4;
    %pushi/vec4 9, 0, 4;
    %cmp/u;
    %jmp/1 T_15.9, 6;
    %dup/vec4;
    %pushi/vec4 10, 0, 4;
    %cmp/u;
    %jmp/1 T_15.10, 6;
    %pushi/vec4 127, 0, 7;
    %store/vec4 v000001e1c1345fc0_0, 0, 7;
    %jmp T_15.12;
T_15.0 ;
    %pushi/vec4 1, 0, 7;
    %store/vec4 v000001e1c1345fc0_0, 0, 7;
    %jmp T_15.12;
T_15.1 ;
    %pushi/vec4 79, 0, 7;
    %store/vec4 v000001e1c1345fc0_0, 0, 7;
    %jmp T_15.12;
T_15.2 ;
    %pushi/vec4 18, 0, 7;
    %store/vec4 v000001e1c1345fc0_0, 0, 7;
    %jmp T_15.12;
T_15.3 ;
    %pushi/vec4 6, 0, 7;
    %store/vec4 v000001e1c1345fc0_0, 0, 7;
    %jmp T_15.12;
T_15.4 ;
    %pushi/vec4 76, 0, 7;
    %store/vec4 v000001e1c1345fc0_0, 0, 7;
    %jmp T_15.12;
T_15.5 ;
    %pushi/vec4 36, 0, 7;
    %store/vec4 v000001e1c1345fc0_0, 0, 7;
    %jmp T_15.12;
T_15.6 ;
    %pushi/vec4 32, 0, 7;
    %store/vec4 v000001e1c1345fc0_0, 0, 7;
    %jmp T_15.12;
T_15.7 ;
    %pushi/vec4 15, 0, 7;
    %store/vec4 v000001e1c1345fc0_0, 0, 7;
    %jmp T_15.12;
T_15.8 ;
    %pushi/vec4 0, 0, 7;
    %store/vec4 v000001e1c1345fc0_0, 0, 7;
    %jmp T_15.12;
T_15.9 ;
    %pushi/vec4 4, 0, 7;
    %store/vec4 v000001e1c1345fc0_0, 0, 7;
    %jmp T_15.12;
T_15.10 ;
    %pushi/vec4 127, 0, 7;
    %store/vec4 v000001e1c1345fc0_0, 0, 7;
    %jmp T_15.12;
T_15.12 ;
    %pop/vec4 1;
    %jmp T_15;
    .thread T_15, $push;
    .scope S_000001e1c125ca30;
T_16 ;
    %wait E_000001e1c12ec370;
    %load/vec4 v000001e1c1345660_0;
    %dup/vec4;
    %pushi/vec4 0, 0, 4;
    %cmp/u;
    %jmp/1 T_16.0, 6;
    %dup/vec4;
    %pushi/vec4 1, 0, 4;
    %cmp/u;
    %jmp/1 T_16.1, 6;
    %dup/vec4;
    %pushi/vec4 2, 0, 4;
    %cmp/u;
    %jmp/1 T_16.2, 6;
    %dup/vec4;
    %pushi/vec4 3, 0, 4;
    %cmp/u;
    %jmp/1 T_16.3, 6;
    %dup/vec4;
    %pushi/vec4 4, 0, 4;
    %cmp/u;
    %jmp/1 T_16.4, 6;
    %dup/vec4;
    %pushi/vec4 5, 0, 4;
    %cmp/u;
    %jmp/1 T_16.5, 6;
    %dup/vec4;
    %pushi/vec4 6, 0, 4;
    %cmp/u;
    %jmp/1 T_16.6, 6;
    %dup/vec4;
    %pushi/vec4 7, 0, 4;
    %cmp/u;
    %jmp/1 T_16.7, 6;
    %dup/vec4;
    %pushi/vec4 8, 0, 4;
    %cmp/u;
    %jmp/1 T_16.8, 6;
    %dup/vec4;
    %pushi/vec4 9, 0, 4;
    %cmp/u;
    %jmp/1 T_16.9, 6;
    %dup/vec4;
    %pushi/vec4 10, 0, 4;
    %cmp/u;
    %jmp/1 T_16.10, 6;
    %pushi/vec4 127, 0, 7;
    %store/vec4 v000001e1c1345e80_0, 0, 7;
    %jmp T_16.12;
T_16.0 ;
    %pushi/vec4 1, 0, 7;
    %store/vec4 v000001e1c1345e80_0, 0, 7;
    %jmp T_16.12;
T_16.1 ;
    %pushi/vec4 79, 0, 7;
    %store/vec4 v000001e1c1345e80_0, 0, 7;
    %jmp T_16.12;
T_16.2 ;
    %pushi/vec4 18, 0, 7;
    %store/vec4 v000001e1c1345e80_0, 0, 7;
    %jmp T_16.12;
T_16.3 ;
    %pushi/vec4 6, 0, 7;
    %store/vec4 v000001e1c1345e80_0, 0, 7;
    %jmp T_16.12;
T_16.4 ;
    %pushi/vec4 76, 0, 7;
    %store/vec4 v000001e1c1345e80_0, 0, 7;
    %jmp T_16.12;
T_16.5 ;
    %pushi/vec4 36, 0, 7;
    %store/vec4 v000001e1c1345e80_0, 0, 7;
    %jmp T_16.12;
T_16.6 ;
    %pushi/vec4 32, 0, 7;
    %store/vec4 v000001e1c1345e80_0, 0, 7;
    %jmp T_16.12;
T_16.7 ;
    %pushi/vec4 15, 0, 7;
    %store/vec4 v000001e1c1345e80_0, 0, 7;
    %jmp T_16.12;
T_16.8 ;
    %pushi/vec4 0, 0, 7;
    %store/vec4 v000001e1c1345e80_0, 0, 7;
    %jmp T_16.12;
T_16.9 ;
    %pushi/vec4 4, 0, 7;
    %store/vec4 v000001e1c1345e80_0, 0, 7;
    %jmp T_16.12;
T_16.10 ;
    %pushi/vec4 127, 0, 7;
    %store/vec4 v000001e1c1345e80_0, 0, 7;
    %jmp T_16.12;
T_16.12 ;
    %pop/vec4 1;
    %jmp T_16;
    .thread T_16, $push;
    .scope S_000001e1c1276290;
T_17 ;
    %wait E_000001e1c12ebcf0;
    %load/vec4 v000001e1c1345700_0;
    %dup/vec4;
    %pushi/vec4 0, 0, 4;
    %cmp/u;
    %jmp/1 T_17.0, 6;
    %dup/vec4;
    %pushi/vec4 1, 0, 4;
    %cmp/u;
    %jmp/1 T_17.1, 6;
    %dup/vec4;
    %pushi/vec4 2, 0, 4;
    %cmp/u;
    %jmp/1 T_17.2, 6;
    %dup/vec4;
    %pushi/vec4 3, 0, 4;
    %cmp/u;
    %jmp/1 T_17.3, 6;
    %dup/vec4;
    %pushi/vec4 4, 0, 4;
    %cmp/u;
    %jmp/1 T_17.4, 6;
    %dup/vec4;
    %pushi/vec4 5, 0, 4;
    %cmp/u;
    %jmp/1 T_17.5, 6;
    %dup/vec4;
    %pushi/vec4 6, 0, 4;
    %cmp/u;
    %jmp/1 T_17.6, 6;
    %dup/vec4;
    %pushi/vec4 7, 0, 4;
    %cmp/u;
    %jmp/1 T_17.7, 6;
    %dup/vec4;
    %pushi/vec4 8, 0, 4;
    %cmp/u;
    %jmp/1 T_17.8, 6;
    %dup/vec4;
    %pushi/vec4 9, 0, 4;
    %cmp/u;
    %jmp/1 T_17.9, 6;
    %dup/vec4;
    %pushi/vec4 10, 0, 4;
    %cmp/u;
    %jmp/1 T_17.10, 6;
    %pushi/vec4 127, 0, 7;
    %store/vec4 v000001e1c1344da0_0, 0, 7;
    %jmp T_17.12;
T_17.0 ;
    %pushi/vec4 1, 0, 7;
    %store/vec4 v000001e1c1344da0_0, 0, 7;
    %jmp T_17.12;
T_17.1 ;
    %pushi/vec4 79, 0, 7;
    %store/vec4 v000001e1c1344da0_0, 0, 7;
    %jmp T_17.12;
T_17.2 ;
    %pushi/vec4 18, 0, 7;
    %store/vec4 v000001e1c1344da0_0, 0, 7;
    %jmp T_17.12;
T_17.3 ;
    %pushi/vec4 6, 0, 7;
    %store/vec4 v000001e1c1344da0_0, 0, 7;
    %jmp T_17.12;
T_17.4 ;
    %pushi/vec4 76, 0, 7;
    %store/vec4 v000001e1c1344da0_0, 0, 7;
    %jmp T_17.12;
T_17.5 ;
    %pushi/vec4 36, 0, 7;
    %store/vec4 v000001e1c1344da0_0, 0, 7;
    %jmp T_17.12;
T_17.6 ;
    %pushi/vec4 32, 0, 7;
    %store/vec4 v000001e1c1344da0_0, 0, 7;
    %jmp T_17.12;
T_17.7 ;
    %pushi/vec4 15, 0, 7;
    %store/vec4 v000001e1c1344da0_0, 0, 7;
    %jmp T_17.12;
T_17.8 ;
    %pushi/vec4 0, 0, 7;
    %store/vec4 v000001e1c1344da0_0, 0, 7;
    %jmp T_17.12;
T_17.9 ;
    %pushi/vec4 4, 0, 7;
    %store/vec4 v000001e1c1344da0_0, 0, 7;
    %jmp T_17.12;
T_17.10 ;
    %pushi/vec4 127, 0, 7;
    %store/vec4 v000001e1c1344da0_0, 0, 7;
    %jmp T_17.12;
T_17.12 ;
    %pop/vec4 1;
    %jmp T_17;
    .thread T_17, $push;
# The file index is used to find the file name in the following table.
:file_names 9;
    "N/A";
    "<interactive>";
    "main_tb.v";
    "main.v";
    "count.v";
    "BCD_4display.v";
    "BCD.v";
    "clk_divide.v";
    "main_w.v";
